Component: ARM Compiler 5.06 update 7 (build 960) Tool: armlink [4d3601]

==============================================================================

Section Cross References

    startup_stm32f10x_md.o(STACK) refers (Special) to heapauxi.o(.text) for __use_two_region_memory
    startup_stm32f10x_md.o(HEAP) refers (Special) to heapauxi.o(.text) for __use_two_region_memory
    startup_stm32f10x_md.o(RESET) refers (Special) to heapauxi.o(.text) for __use_two_region_memory
    startup_stm32f10x_md.o(RESET) refers to startup_stm32f10x_md.o(STACK) for __initial_sp
    startup_stm32f10x_md.o(RESET) refers to startup_stm32f10x_md.o(.text) for Reset_Handler
    startup_stm32f10x_md.o(RESET) refers to stm32f10x_it.o(.text) for NMI_Handler
    startup_stm32f10x_md.o(.text) refers (Special) to heapauxi.o(.text) for __use_two_region_memory
    startup_stm32f10x_md.o(.text) refers to system_stm32f10x.o(.text) for SystemInit
    startup_stm32f10x_md.o(.text) refers to __main.o(!!!main) for __main
    startup_stm32f10x_md.o(.text) refers to startup_stm32f10x_md.o(HEAP) for Heap_Mem
    startup_stm32f10x_md.o(.text) refers to startup_stm32f10x_md.o(STACK) for Stack_Mem
    system_stm32f10x.o(.text) refers to system_stm32f10x.o(.data) for SystemCoreClock
    stm32f10x_usart.o(.text) refers to stm32f10x_rcc.o(.text) for RCC_APB2PeriphResetCmd
    stm32f10x_gpio.o(.text) refers to stm32f10x_rcc.o(.text) for RCC_APB2PeriphResetCmd
    stm32f10x_rcc.o(.text) refers to stm32f10x_rcc.o(.data) for APBAHBPrescTable
    main.o(.text) refers to usart.o(.text) for USART_Config
    main.o(.text) refers to oled.o(.text) for OLED_Init
    main.o(.text) refers to delay.o(.text) for Delay_ms
    main.o(.text) refers to stm32f10x_usart.o(.text) for USART_ITConfig
    main.o(.text) refers to system_stm32f10x.o(.data) for SystemCoreClock
    main.o(.text) refers to stm32f10x_it.o(.data) for RXOVER
    main.o(.text) refers to main.o(.bss) for USART_RXBUF
    stm32f10x_it.o(.text) refers to stm32f10x_usart.o(.text) for USART_GetFlagStatus
    stm32f10x_it.o(.text) refers to main.o(.data) for TimingDelay
    stm32f10x_it.o(.text) refers to stm32f10x_it.o(.data) for RXCONT
    stm32f10x_it.o(.text) refers to main.o(.bss) for USART_RXBUF
    usart.o(.text) refers to stm32f10x_rcc.o(.text) for RCC_APB2PeriphClockCmd
    usart.o(.text) refers to misc.o(.text) for NVIC_PriorityGroupConfig
    usart.o(.text) refers to stm32f10x_gpio.o(.text) for GPIO_Init
    usart.o(.text) refers to stm32f10x_usart.o(.text) for USART_Init
    oled.o(.text) refers to stm32f10x_gpio.o(.text) for GPIO_WriteBit
    oled.o(.text) refers to stm32f10x_rcc.o(.text) for RCC_APB2PeriphClockCmd
    oled.o(.text) refers to dflt_clz.o(x$fpl$dflt) for __aeabi_i2d
    oled.o(.text) refers to atan2.o(i.atan2) for atan2
    oled.o(.text) refers to ddiv.o(x$fpl$ddiv) for __aeabi_ddiv
    oled.o(.text) refers to dmul.o(x$fpl$dmul) for __aeabi_dmul
    oled.o(.text) refers to dfix.o(x$fpl$dfix) for __aeabi_d2iz
    oled.o(.text) refers to oled.o(.bss) for OLED_DisplayBuf
    oled.o(.text) refers to drleqf.o(x$fpl$drleqf) for __aeabi_cdrcmple
    oled.o(.text) refers to dfixu.o(x$fpl$dfixu) for __aeabi_d2uiz
    oled.o(.text) refers to dflt_clz.o(x$fpl$dfltu) for __aeabi_ui2d
    oled.o(.text) refers to oled_data.o(.constdata) for OLED_F8x16
    oled.o(.text) refers to daddsub_clz.o(x$fpl$drsb) for __aeabi_drsub
    oled.o(.text) refers to round.o(i.round) for round
    oled.o(.text) refers to strcmpv7m.o(.text) for strcmp
    oled.o(.text) refers to vsprintf.o(.text) for vsprintf
    oled.o(.text) refers to daddsub_clz.o(x$fpl$dadd) for __aeabi_dadd
    oled.o(.text) refers to d2f.o(x$fpl$d2f) for __aeabi_d2f
    oled.o(.text) refers to fleqf.o(x$fpl$fleqf) for __aeabi_cfcmple
    oled.o(.text) refers to fflt_clz.o(x$fpl$fflt) for __aeabi_i2f
    oled.o(.text) refers to faddsub_clz.o(x$fpl$fadd) for __aeabi_fadd
    oled.o(.text) refers to daddsub_clz.o(x$fpl$dsub) for __aeabi_dsub
    oled.o(.text) refers to dleqf.o(x$fpl$dleqf) for __aeabi_cdcmple
    vsprintf.o(.text) refers (Special) to _printf_a.o(.ARM.Collect$$_printf_percent$$00000006) for _printf_a
    vsprintf.o(.text) refers (Special) to _printf_c.o(.ARM.Collect$$_printf_percent$$00000013) for _printf_c
    vsprintf.o(.text) refers (Special) to _printf_charcount.o(.text) for _printf_charcount
    vsprintf.o(.text) refers (Special) to _printf_d.o(.ARM.Collect$$_printf_percent$$00000009) for _printf_d
    vsprintf.o(.text) refers (Special) to _printf_e.o(.ARM.Collect$$_printf_percent$$00000004) for _printf_e
    vsprintf.o(.text) refers (Special) to _printf_f.o(.ARM.Collect$$_printf_percent$$00000003) for _printf_f
    vsprintf.o(.text) refers (Special) to printf1.o(x$fpl$printf1) for _printf_fp_dec
    vsprintf.o(.text) refers (Special) to printf2.o(x$fpl$printf2) for _printf_fp_hex
[...]
    .text                                    0x080011f8   Section        0  oled.o(.text)
    .text                                    0x08002654   Section        0  misc.o(.text)
    .text                                    0x08002730   Section        0  vsprintf.o(.text)
    .text                                    0x08002754   Section      128  strcmpv7m.o(.text)
    .text                                    0x080027d4   Section        0  heapauxi.o(.text)
    .text                                    0x080027da   Section        0  _rserrno.o(.text)
    .text                                    0x080027f0   Section        0  _printf_pad.o(.text)
    .text                                    0x0800283e   Section        0  _printf_truncate.o(.text)
    .text                                    0x08002862   Section        0  _printf_str.o(.text)
    .text                                    0x080028b4   Section        0  _printf_dec.o(.text)
    .text                                    0x0800292c   Section        0  _printf_charcount.o(.text)
    .text                                    0x08002954   Section        0  _printf_char_common.o(.text)
    _printf_input_char                       0x08002955   Thumb Code    10  _printf_char_common.o(.text)
    .text                                    0x08002984   Section        0  _sputc.o(.text)
    .text                                    0x08002990   Section        0  _printf_wctomb.o(.text)
    .text                                    0x08002a4c   Section        0  _printf_longlong_dec.o(.text)
    .text                                    0x08002ac8   Section        0  _printf_oct_int_ll.o(.text)
    _printf_longlong_oct_internal            0x08002ac9   Thumb Code     0  _printf_oct_int_ll.o(.text)
    .text                                    0x08002b38   Section        0  _printf_hex_int_ll_ptr.o(.text)
    _printf_hex_common                       0x08002b39   Thumb Code     0  _printf_hex_int_ll_ptr.o(.text)
    .text                                    0x08002bcc   Section        0  __printf_flags_ss_wp.o(.text)
    .text                                    0x08002d54   Section        8  rt_errno_addr_intlibspace.o(.text)
    .text                                    0x08002d5c   Section      138  lludiv10.o(.text)
    .text                                    0x08002de6   Section        0  _printf_intcommon.o(.text)
    .text                                    0x08002e98   Section        0  _printf_fp_dec.o(.text)
    _fp_digits                               0x08002e9b   Thumb Code   432  _printf_fp_dec.o(.text)
    .text                                    0x080032b8   Section        0  _printf_fp_hex.o(.text)
    .text                                    0x080035b4   Section        0  _printf_char.o(.text)
    .text                                    0x080035e0   Section        0  _printf_wchar.o(.text)
    .text                                    0x0800360c   Section        0  _wcrtomb.o(.text)
    .text                                    0x0800364c   Section        8  libspace.o(.text)
    .text                                    0x08003654   Section       74  sys_stackheap_outer.o(.text)
    .text                                    0x080036a0   Section       16  rt_ctype_table.o(.text)
    .text                                    0x080036b0   Section        8  rt_locale_intlibspace.o(.text)
    .text                                    0x080036b8   Section        0  _printf_fp_infnan.o(.text)
    .text                                    0x08003738   Section        0  bigflt0.o(.text)
    .text                                    0x0800381c   Section        0  exit.o(.text)
    .text                                    0x08003830   Section        0  sys_exit.o(.text)
    .text                                    0x0800383c   Section        2  use_no_semi.o(.text)
    .text                                    0x0800383e   Section        0  indicate_semi.o(.text)
    CL$$btod_d2e                             0x0800383e   Section       62  btod.o(CL$$btod_d2e)
    CL$$btod_d2e_denorm_low                  0x0800387c   Section       70  btod.o(CL$$btod_d2e_denorm_low)
    CL$$btod_d2e_norm_op1                    0x080038c2   Section       96  btod.o(CL$$btod_d2e_norm_op1)
    CL$$btod_div_common                      0x08003922   Section      824  btod.o(CL$$btod_div_common)
    CL$$btod_e2e                             0x08003c5a   Section      220  btod.o(CL$$btod_e2e)
    CL$$btod_ediv                            0x08003d36   Section       42  btod.o(CL$$btod_ediv)
    CL$$btod_emul                            0x08003d60   Section       42  btod.o(CL$$btod_emul)
    CL$$btod_mult_common                     0x08003d8a   Section      580  btod.o(CL$$btod_mult_common)
    i.__ARM_fpclassify                       0x08003fce   Section        0  fpclassify.o(i.__ARM_fpclassify)
    i.__kernel_poly                          0x08003ff6   Section        0  poly.o(i.__kernel_poly)
    i.__mathlib_dbl_infnan                   0x080040a0   Section        0  dunder.o(i.__mathlib_dbl_infnan)
    i.__mathlib_dbl_infnan2                  0x080040a6   Section        0  dunder.o(i.__mathlib_dbl_infnan2)
    i.__mathlib_dbl_underflow                0x080040ac   Section        0  dunder.o(i.__mathlib_dbl_underflow)
    i._is_digit                              0x080040bc   Section        0  __printf_wp.o(i._is_digit)
    i.atan                                   0x080040cc   Section        0  atan.o(i.atan)
    i.atan2                                  0x080042ec   Section        0  atan2.o(i.atan2)
    i.round                                  0x08004488   Section        0  round.o(i.round)
    locale$$code                             0x0800451c   Section       44  lc_numeric_c.o(locale$$code)
    locale$$code                             0x08004548   Section       44  lc_ctype_c.o(locale$$code)
    x$fpl$d2f                                0x08004574   Section       98  d2f.o(x$fpl$d2f)
    x$fpl$dadd                               0x080045d8   Section      336  daddsub_clz.o(x$fpl$dadd)
    _dadd1                                   0x080045e9   Thumb Code     0  daddsub_clz.o(x$fpl$dadd)
    x$fpl$dcheck1                            0x08004728   Section       16  dcheck1.o(x$fpl$dcheck1)
    x$fpl$dcmpinf                            0x08004738   Section       24  dcmpi.o(x$fpl$dcmpinf)
    x$fpl$ddiv                               0x08004750   Section      688  ddiv.o(x$fpl$ddiv)
    ddiv_entry                               0x08004757   Thumb Code     0  ddiv.o(x$fpl$ddiv)
    x$fpl$deqf                               0x08004a00   Section      120  deqf.o(x$fpl$deqf)
    x$fpl$dfix                               0x08004a78   Section       94  dfix.o(x$fpl$dfix)
    x$fpl$dfixu                              0x08004ad8   Section       90  dfixu.o(x$fpl$dfixu)
    x$fpl$dflt                               0x08004b32   Section       46  dflt_clz.o(x$fpl$dflt)
    x$fpl$dfltu                              0x08004b60   Section       38  dflt_clz.o(x$fpl$dfltu)
    x$fpl$dleqf                              0x08004b88   Section      120  dleqf.o(x$fpl$dleqf)
    x$fpl$dmul                               0x08004c00   Section      340  dmul.o(x$fpl$dmul)
    x$fpl$dnaninf                            0x08004d54   Section      156  dnaninf.o(x$fpl$dnaninf)
    x$fpl$dretinf                            0x08004df0   Section       12  dretinf.o(x$fpl$dretinf)
    x$fpl$drleqf                             0x08004dfc   Section      108  drleqf.o(x$fpl$drleqf)
    x$fpl$drnd                               0x08004e68   Section      180  drnd.o(x$fpl$drnd)
    x$fpl$drsb                               0x08004f1c   Section       22  daddsub_clz.o(x$fpl$drsb)
    x$fpl$dsub                               0x08004f34   Section      468  daddsub_clz.o(x$fpl$dsub)
    _dsub1                                   0x08004f45   Thumb Code     0  daddsub_clz.o(x$fpl$dsub)
    x$fpl$fadd                               0x08005108   Section      196  faddsub_clz.o(x$fpl$fadd)
    _fadd1                                   0x08005117   Thumb Code     0  faddsub_clz.o(x$fpl$fadd)
    x$fpl$fcmpinf                            0x080051cc   Section       24  fcmpi.o(x$fpl$fcmpinf)
    x$fpl$fflt                               0x080051e4   Section       48  fflt_clz.o(x$fpl$fflt)
    x$fpl$fleqf                              0x08005214   Section      104  fleqf.o(x$fpl$fleqf)
    x$fpl$fnaninf                            0x0800527c   Section      140  fnaninf.o(x$fpl$fnaninf)
    x$fpl$fretinf                            0x08005308   Section       10  fretinf.o(x$fpl$fretinf)
    x$fpl$fsub                               0x08005314   Section      234  faddsub_clz.o(x$fpl$fsub)
    _fsub1                                   0x08005323   Thumb Code     0  faddsub_clz.o(x$fpl$fsub)
    x$fpl$printf1                            0x080053fe   Section        4  printf1.o(x$fpl$printf1)
    x$fpl$printf2                            0x08005402   Section        4  printf2.o(x$fpl$printf2)
    x$fpl$retnan                             0x08005406   Section      100  retnan.o(x$fpl$retnan)
    x$fpl$scalbn                             0x0800546a   Section       92  scalbn.o(x$fpl$scalbn)
    x$fpl$trapveneer                         0x080054c6   Section       48  trapv.o(x$fpl$trapveneer)
    .constdata                               0x080054f6   Section     2367  oled_data.o(.constdata)
    x$fpl$usenofp                            0x080054f6   Section        0  usenofp.o(x$fpl$usenofp)
    .constdata                               0x08005e38   Section        8  _printf_wctomb.o(.constdata)
    initial_mbstate                          0x08005e38   Data           8  _printf_wctomb.o(.constdata)
    .constdata                               0x08005e40   Section       40  _printf_hex_int_ll_ptr.o(.constdata)
    uc_hextab                                0x08005e40   Data          20  _printf_hex_int_ll_ptr.o(.constdata)
    lc_hextab                                0x08005e54   Data          20  _printf_hex_int_ll_ptr.o(.constdata)
    .constdata                               0x08005e68   Section       17  __printf_flags_ss_wp.o(.constdata)
    maptable                                 0x08005e68   Data          17  __printf_flags_ss_wp.o(.constdata)
    .constdata                               0x08005e80   Section      152  atan.o(.constdata)
    atanhi                                   0x08005e80   Data          32  atan.o(.constdata)
    atanlo                                   0x08005ea0   Data          32  atan.o(.constdata)
    aTodd                                    0x08005ec0   Data          40  atan.o(.constdata)
    aTeven                                   0x08005ee8   Data          48  atan.o(.constdata)
    .constdata                               0x08005f18   Section        8  qnan.o(.constdata)
    .constdata                               0x08005f20   Section       38  _printf_fp_hex.o(.constdata)
    lc_hextab                                0x08005f20   Data          19  _printf_fp_hex.o(.constdata)
    uc_hextab                                0x08005f33   Data          19  _printf_fp_hex.o(.constdata)
    .constdata                               0x08005f48   Section      148  bigflt0.o(.constdata)
    tenpwrs_x                                0x08005f48   Data          60  bigflt0.o(.constdata)
    tenpwrs_i                                0x08005f84   Data          64  bigflt0.o(.constdata)
    locale$$data                             0x08005ffc   Section       28  lc_numeric_c.o(locale$$data)
    __lcnum_c_name                           0x08006000   Data           2  lc_numeric_c.o(locale$$data)
    __lcnum_c_start                          0x08006008   Data           0  lc_numeric_c.o(locale$$data)
    __lcnum_c_point                          0x08006014   Data           0  lc_numeric_c.o(locale$$data)
    __lcnum_c_thousands                      0x08006016   Data           0  lc_numeric_c.o(locale$$data)
    __lcnum_c_grouping                       0x08006017   Data           0  lc_numeric_c.o(locale$$data)
    locale$$data                             0x08006018   Section      272  lc_ctype_c.o(locale$$data)
    __lcnum_c_end                            0x08006018   Data           0  lc_numeric_c.o(locale$$data)
    __lcctype_c_name                         0x0800601c   Data           2  lc_ctype_c.o(locale$$data)
    __lcctype_c_start                        0x08006024   Data           0  lc_ctype_c.o(locale$$data)
    __lcctype_c_end                          0x08006128   Data           0  lc_ctype_c.o(locale$$data)
    .data                                    0x20000000   Section       20  system_stm32f10x.o(.data)
    .data                                    0x20000014   Section       20  stm32f10x_rcc.o(.data)
    APBAHBPrescTable                         0x20000014   Data          16  stm32f10x_rcc.o(.data)
    ADCPrescTable                            0x20000024   Data           4  stm32f10x_rcc.o(.data)
    .data                                    0x20000028   Section        4  main.o(.data)
    .data                                    0x2000002c   Section        2  stm32f10x_it.o(.data)
    .bss                                     0x20000030   Section       20  main.o(.bss)
    .bss                                     0x20000044   Section     1040  oled.o(.bss)
    .bss                                     0x20000454   Section       96  libspace.o(.bss)
    HEAP                                     0x200004b8   Section      512  startup_stm32f10x_md.o(HEAP)
    Heap_Mem                                 0x200004b8   Data         512  startup_stm32f10x_md.o(HEAP)
    STACK                                    0x200006b8   Section     1024  startup_stm32f10x_md.o(STACK)
    Stack_Mem                                0x200006b8   Data        1024  startup_stm32f10x_md.o(STACK)
    __initial_sp                             0x20000ab8   Data           0  startup_stm32f10x_md.o(STACK)

    Global Symbols

    Symbol Name                              Value     Ov Type        Size  Object(Section)

    BuildAttributes$$THM_ISAv4$P$D$K$B$S$PE$A:L22UL41UL21$X:L11$S22US41US21$IEEE1$IW$USESV6$~STKCKD$USESV7$~SHL$OTIME$ROPI$IEEEX$EBA8$UX$STANDARDLIB$REQ8$PRES8$EABIv2 0x00000000   Number         0  anon$$obj.o ABSOLUTE
    __ARM_use_no_argv                        0x00000000   Number         0  main.o ABSOLUTE
    _printf_flags                            0x00000000   Number         0  printf_stubs.o ABSOLUTE
    _printf_return_value                     0x00000000   Number         0  printf_stubs.o ABSOLUTE
    _printf_sizespec                         0x00000000   Number         0  printf_stubs.o ABSOLUTE
    _printf_widthprec                        0x00000000   Number         0  printf_stubs.o ABSOLUTE
    __ARM_exceptions_init                     - Undefined Weak Reference
    __alloca_initialize                       - Undefined Weak Reference
    __arm_fini_                               - Undefined Weak Reference
    __arm_preinit_                            - Undefined Weak Reference
    __cpp_initialize__aeabi_                  - Undefined Weak Reference
    __cxa_finalize                            - Undefined Weak Reference
    __sigvec_lookup                           - Undefined Weak Reference
    _atexit_init                              - Undefined Weak Reference
    _call_atexit_fns                          - Undefined Weak Reference
    _clock_init                               - Undefined Weak Reference
    _fp_trap_init                             - Undefined Weak Reference
    _fp_trap_shutdown                         - Undefined Weak Reference
    _get_lc_collate                           - Undefined Weak Reference
    _get_lc_monetary                          - Undefined Weak Reference
    _get_lc_time                              - Undefined Weak Reference
    _getenv_init                              - Undefined Weak Reference
    _handle_redirection                       - Undefined Weak Reference
    _init_alloc                               - Undefined Weak Reference
    _init_user_alloc                          - Undefined Weak Reference
    _initio                                   - Undefined Weak Reference
    _printf_mbtowc                            - Undefined Weak Reference
    _printf_wc                                - Undefined Weak Reference
    _rand_init                                - Undefined Weak Reference
    _signal_finish                            - Undefined Weak Reference
    _signal_init                              - Undefined Weak Reference
    _terminate_alloc                          - Undefined Weak Reference
    _terminate_user_alloc                     - Undefined Weak Reference
    _terminateio                              - Undefined Weak Reference
    __Vectors_Size                           0x000000ec   Number         0  startup_stm32f10x_md.o ABSOLUTE
    __Vectors                                0x08000000   Data           4  startup_stm32f10x_md.o(RESET)
    __Vectors_End                            0x080000ec   Data           0  startup_stm32f10x_md.o(RESET)
    __main                                   0x080000ed   Thumb Code     8  __main.o(!!!main)
    __scatterload                            0x080000f5   Thumb Code     0  __scatter.o(!!!scatter)
    __scatterload_rt2                        0x080000f5   Thumb Code    44  __scatter.o(!!!scatter)
    __scatterload_rt2_thumb_only             0x080000f5   Thumb Code     0  __scatter.o(!!!scatter)
    __scatterload_null                       0x08000103   Thumb Code     0  __scatter.o(!!!scatter)
    __scatterload_copy                       0x08000129   Thumb Code    26  __scatter_copy.o(!!handler_copy)
    __scatterload_zeroinit                   0x08000145   Thumb Code    28  __scatter_zi.o(!!handler_zi)
    _printf_n                                0x08000161   Thumb Code     0  _printf_n.o(.ARM.Collect$$_printf_percent$$00000001)
    _printf_percent                          0x08000161   Thumb Code     0  _printf_percent.o(.ARM.Collect$$_printf_percent$$00000000)
    _printf_p                                0x08000167   Thumb Code     0  _printf_p.o(.ARM.Collect$$_printf_percent$$00000002)
    _printf_f                                0x0800016d   Thumb Code     0  _printf_f.o(.ARM.Collect$$_printf_percent$$00000003)
    _printf_e                                0x08000173   Thumb Code     0  _printf_e.o(.ARM.Collect$$_printf_percent$$00000004)
    _printf_g                                0x08000179   Thumb Code     0  _printf_g.o(.ARM.Collect$$_printf_percent$$00000005)
    _printf_a                                0x0800017f   Thumb Code     0  _printf_a.o(.ARM.Collect$$_printf_percent$$00000006)
    _printf_ll                               0x08000185   Thumb Code     0  _printf_ll.o(.ARM.Collect$$_printf_percent$$00000007)
    _printf_i                                0x0800018f   Thumb Code     0  _printf_i.o(.ARM.Collect$$_printf_percent$$00000008)
    _printf_d                                0x08000195   Thumb Code     0  _printf_d.o(.ARM.Collect$$_printf_percent$$00000009)
    _printf_u                                0x0800019b   Thumb Code     0  _printf_u.o(.ARM.Collect$$_printf_percent$$0000000A)
    _printf_o                                0x080001a1   Thumb Code     0  _printf_o.o(.ARM.Collect$$_printf_percent$$0000000B)
    _printf_x                                0x080001a7   Thumb Code     0  _printf_x.o(.ARM.Collect$$_printf_percent$$0000000C)
    _printf_lli                              0x080001ad   Thumb Code     0  _printf_lli.o(.ARM.Collect$$_printf_percent$$0000000D)
    _printf_lld                              0x080001b3   Thumb Code     0  _printf_lld.o(.ARM.Collect$$_printf_percent$$0000000E)
    _printf_llu                              0x080001b9   Thumb Code     0  _printf_llu.o(.ARM.Collect$$_printf_percent$$0000000F)
    _printf_llo                              0x080001bf   Thumb Code     0  _printf_llo.o(.ARM.Collect$$_printf_percent$$00000010)
    _printf_llx                              0x080001c5   Thumb Code     0  _printf_llx.o(.ARM.Collect$$_printf_percent$$00000011)
    _printf_l                                0x080001cb   Thumb Code     0  _printf_l.o(.ARM.Collect$$_printf_percent$$00000012)
    _printf_c                                0x080001d5   Thumb Code     0  _printf_c.o(.ARM.Collect$$_printf_percent$$00000013)
    _printf_s                                0x080001db   Thumb Code     0  _printf_s.o(.ARM.Collect$$_printf_percent$$00000014)
    _printf_lc                               0x080001e1   Thumb Code     0  _printf_lc.o(.ARM.Collect$$_printf_percent$$00000015)
    _printf_ls                               0x080001e7   Thumb Code     0  _printf_ls.o(.ARM.Collect$$_printf_percent$$00000016)
    _printf_percent_end                      0x080001ed   Thumb Code     0  _printf_percent_end.o(.ARM.Collect$$_printf_percent$$00000017)
    __rt_lib_init                            0x080001f1   Thumb Code     0  libinit.o(.ARM.Collect$$libinit$$00000000)
    __rt_lib_init_fp_1                       0x080001f3   Thumb Code     0  libinit2.o(.ARM.Collect$$libinit$$00000002)
    __rt_lib_init_heap_1                     0x080001f3   Thumb Code     0  libinit2.o(.ARM.Collect$$libinit$$0000000A)
    __rt_lib_init_lc_common                  0x080001f3   Thumb Code     0  libinit2.o(.ARM.Collect$$libinit$$0000000F)
    __rt_lib_init_preinit_1                  0x080001f3   Thumb Code     0  libinit2.o(.ARM.Collect$$libinit$$00000004)
    __rt_lib_init_rand_1                     0x080001f3   Thumb Code     0  libinit2.o(.ARM.Collect$$libinit$$0000000E)
    __rt_lib_init_user_alloc_1               0x080001f3   Thumb Code     0  libinit2.o(.ARM.Collect$$libinit$$0000000C)
    __rt_lib_init_lc_collate_1               0x080001f9   Thumb Code     0  libinit2.o(.ARM.Collect$$libinit$$00000011)
    __rt_lib_init_lc_ctype_2                 0x080001f9   Thumb Code     0  libinit2.o(.ARM.Collect$$libinit$$00000012)
    __rt_lib_init_lc_ctype_1                 0x08000205   Thumb Code     0  libinit2.o(.ARM.Collect$$libinit$$00000013)
    __rt_lib_init_lc_monetary_1              0x08000205   Thumb Code     0  libinit2.o(.ARM.Collect$$libinit$$00000015)
    __rt_lib_init_lc_numeric_2               0x08000205   Thumb Code     0  libinit2.o(.ARM.Collect$$libinit$$00000016)
    __rt_lib_init_alloca_1                   0x0800020f   Thumb Code     0  libinit2.o(.ARM.Collect$$libinit$$0000002E)
    __rt_lib_init_argv_1                     0x0800020f   Thumb Code     0  libinit2.o(.ARM.Collect$$libinit$$0000002C)
    __rt_lib_init_atexit_1                   0x0800020f   Thumb Code     0  libinit2.o(.ARM.Collect$$libinit$$0000001B)
    __rt_lib_init_clock_1                    0x0800020f   Thumb Code     0  libinit2.o(.ARM.Collect$$libinit$$00000021)
    __rt_lib_init_cpp_1                      0x0800020f   Thumb Code     0  libinit2.o(.ARM.Collect$$libinit$$00000032)
    __rt_lib_init_exceptions_1               0x0800020f   Thumb Code     0  libinit2.o(.ARM.Collect$$libinit$$00000030)
    __rt_lib_init_fp_trap_1                  0x0800020f   Thumb Code     0  libinit2.o(.ARM.Collect$$libinit$$0000001F)
    __rt_lib_init_getenv_1                   0x0800020f   Thumb Code     0  libinit2.o(.ARM.Collect$$libinit$$00000023)
    __rt_lib_init_lc_numeric_1               0x0800020f   Thumb Code     0  libinit2.o(.ARM.Collect$$libinit$$00000017)
    __rt_lib_init_lc_time_1                  0x0800020f   Thumb Code     0  libinit2.o(.ARM.Collect$$libinit$$00000019)
    __rt_lib_init_return                     0x0800020f   Thumb Code     0  libinit2.o(.ARM.Collect$$libinit$$00000033)
    __rt_lib_init_signal_1                   0x0800020f   Thumb Code     0  libinit2.o(.ARM.Collect$$libinit$$0000001D)
    __rt_lib_init_stdio_1                    0x0800020f   Thumb Code     0  libinit2.o(.ARM.Collect$$libinit$$00000025)
    __rt_lib_shutdown                        0x08000211   Thumb Code     0  libshutdown.o(.ARM.Collect$$libshutdown$$00000000)
    __rt_lib_shutdown_cpp_1                  0x08000213   Thumb Code     0  libshutdown2.o(.ARM.Collect$$libshutdown$$00000004)
    __rt_lib_shutdown_fini_1                 0x08000213   Thumb Code     0  libshutdown2.o(.ARM.Collect$$libshutdown$$00000002)
    __rt_lib_shutdown_fp_trap_1              0x08000213   Thumb Code     0  libshutdown2.o(.ARM.Collect$$libshutdown$$00000009)
    __rt_lib_shutdown_heap_1                 0x08000213   Thumb Code     0  libshutdown2.o(.ARM.Collect$$libshutdown$$00000011)
    __rt_lib_shutdown_return                 0x08000213   Thumb Code     0  libshutdown2.o(.ARM.Collect$$libshutdown$$00000012)
    __rt_lib_shutdown_signal_1               0x08000213   Thumb Code     0  libshutdown2.o(.ARM.Collect$$libshutdown$$0000000C)
    __rt_lib_shutdown_stdio_1                0x08000213   Thumb Code     0  libshutdown2.o(.ARM.Collect$$libshutdown$$00000006)
    __rt_lib_shutdown_user_alloc_1           0x08000213   Thumb Code     0  libshutdown2.o(.ARM.Collect$$libshutdown$$0000000E)
    __rt_entry                               0x08000215   Thumb Code     0  __rtentry.o(.ARM.Collect$$rtentry$$00000000)
    __rt_entry_presh_1                       0x08000215   Thumb Code     0  __rtentry2.o(.ARM.Collect$$rtentry$$00000002)
    __rt_entry_sh                            0x08000215   Thumb Code     0  __rtentry4.o(.ARM.Collect$$rtentry$$00000004)
    __rt_entry_li                            0x0800021b   Thumb Code     0  __rtentry2.o(.ARM.Collect$$rtentry$$0000000A)
    __rt_entry_postsh_1                      0x0800021b   Thumb Code     0  __rtentry2.o(.ARM.Collect$$rtentry$$00000009)
    __rt_entry_main                          0x0800021f   Thumb Code     0  __rtentry2.o(.ARM.Collect$$rtentry$$0000000D)
    __rt_entry_postli_1                      0x0800021f   Thumb Code     0  __rtentry2.o(.ARM.Collect$$rtentry$$0000000C)
    __rt_exit                                0x08000227   Thumb Code     0  rtexit.o(.ARM.Collect$$rtexit$$00000000)
    __rt_exit_ls                             0x08000229   Thumb Code     0  rtexit2.o(.ARM.Collect$$rtexit$$00000003)
    __rt_exit_prels_1                        0x08000229   Thumb Code     0  rtexit2.o(.ARM.Collect$$rtexit$$00000002)
    __rt_exit_exit                           0x0800022d   Thumb Code     0  rtexit2.o(.ARM.Collect$$rtexit$$00000004)
    Reset_Handler                            0x08000235   Thumb Code     8  startup_stm32f10x_md.o(.text)
    ADC1_2_IRQHandler                        0x0800024f   Thumb Code     0  startup_stm32f10x_md.o(.text)
    CAN1_RX1_IRQHandler                      0x0800024f   Thumb Code     0  startup_stm32f10x_md.o(.text)
    CAN1_SCE_IRQHandler                      0x0800024f   Thumb Code     0  startup_stm32f10x_md.o(.text)
    DMA1_Channel1_IRQHandler                 0x0800024f   Thumb Code     0  startup_stm32f10x_md.o(.text)
    DMA1_Channel2_IRQHandler                 0x0800024f   Thumb Code     0  startup_stm32f10x_md.o(.text)
    DMA1_Channel3_IRQHandler                 0x0800024f   Thumb Code     0  startup_stm32f10x_md.o(.text)
    DMA1_Channel4_IRQHandler                 0x0800024f   Thumb Code     0  startup_stm32f10x_md.o(.text)
    DMA1_Channel5_IRQHandler                 0x0800024f   Thumb Code     0  startup_stm32f10x_md.o(.text)
    DMA1_Channel6_IRQHandler                 0x0800024f   Thumb Code     0  startup_stm32f10x_md.o(.text)
    DMA1_Channel7_IRQHandler                 0x0800024f   Thumb Code     0  startup_stm32f10x_md.o(.text)
    EXTI0_IRQHandler                         0x0800024f   Thumb Code     0  startup_stm32f10x_md.o(.text)
    EXTI15_10_IRQHandler                     0x0800024f   Thumb Code     0  startup_stm32f10x_md.o(.text)
    EXTI1_IRQHandler                         0x0800024f   Thumb Code     0  startup_stm32f10x_md.o(.text)
    EXTI2_IRQHandler                         0x0800024f   Thumb Code     0  startup_stm32f10x_md.o(.text)
    EXTI3_IRQHandler                         0x0800024f   Thumb Code     0  startup_stm32f10x_md.o(.text)
    EXTI4_IRQHandler                         0x0800024f   Thumb Code     0  startup_stm32f10x_md.o(.text)
    EXTI9_5_IRQHandler                       0x0800024f   Thumb Code     0  startup_stm32f10x_md.o(.text)
    FLASH_IRQHandler                         0x0800024f   Thumb Code     0  startup_stm32f10x_md.o(.text)
    I2C1_ER_IRQHandler                       0x0800024f   Thumb Code     0  startup_stm32f10x_md.o(.text)
    I2C1_EV_IRQHandler                       0x0800024f   Thumb Code     0  startup_stm32f10x_md.o(.text)
    I2C2_ER_IRQHandler                       0x0800024f   Thumb Code     0  startup_stm32f10x_md.o(.text)
    I2C2_EV_IRQHandler                       0x0800024f   Thumb Code     0  startup_stm32f10x_md.o(.text)
    PVD_IRQHandler                           0x0800024f   Thumb Code     0  startup_stm32f10x_md.o(.text)
    RCC_IRQHandler                           0x0800024f   Thumb Code     0  startup_stm32f10x_md.o(.text)
    RTCAlarm_IRQHandler                      0x0800024f   Thumb Code     0  startup_stm32f10x_md.o(.text)
    RTC_IRQHandler                           0x0800024f   Thumb Code     0  startup_stm32f10x_md.o(.text)
    SPI1_IRQHandler                          0x0800024f   Thumb Code     0  startup_stm32f10x_md.o(.text)
    SPI2_IRQHandler                          0x0800024f   Thumb Code     0  startup_stm32f10x_md.o(.text)
    TAMPER_IRQHandler                        0x0800024f   Thumb Code     0  startup_stm32f10x_md.o(.text)
    TIM1_BRK_IRQHandler                      0x0800024f   Thumb Code     0  startup_stm32f10x_md.o(.text)
    TIM1_CC_IRQHandler                       0x0800024f   Thumb Code     0  startup_stm32f10x_md.o(.text)
    TIM1_TRG_COM_IRQHandler                  0x0800024f   Thumb Code     0  startup_stm32f10x_md.o(.text)
    TIM1_UP_IRQHandler                       0x0800024f   Thumb Code     0  startup_stm32f10x_md.o(.text)
    TIM2_IRQHandler                          0x0800024f   Thumb Code     0  startup_stm32f10x_md.o(.text)
    TIM3_IRQHandler                          0x0800024f   Thumb Code     0  startup_stm32f10x_md.o(.text)
    TIM4_IRQHandler                          0x0800024f   Thumb Code     0  startup_stm32f10x_md.o(.text)
    USART1_IRQHandler                        0x0800024f   Thumb Code     0  startup_stm32f10x_md.o(.text)
    USART3_IRQHandler                        0x0800024f   Thumb Code     0  startup_stm32f10x_md.o(.text)
    USBWakeUp_IRQHandler                     0x0800024f   Thumb Code     0  startup_stm32f10x_md.o(.text)
    USB_HP_CAN1_TX_IRQHandler                0x0800024f   Thumb Code     0  startup_stm32f10x_md.o(.text)
    USB_LP_CAN1_RX0_IRQHandler               0x0800024f   Thumb Code     0  startup_stm32f10x_md.o(.text)
    WWDG_IRQHandler                          0x0800024f   Thumb Code     0  startup_stm32f10x_md.o(.text)
    __user_initial_stackheap                 0x08000251   Thumb Code     0  startup_stm32f10x_md.o(.text)
    SystemInit                               0x08000353   Thumb Code    78  system_stm32f10x.o(.text)
    SystemCoreClockUpdate                    0x080003a1   Thumb Code   142  system_stm32f10x.o(.text)
    USART_DeInit                             0x08000455   Thumb Code   134  stm32f10x_usart.o(.text)
    USART_Init                               0x080004db   Thumb Code   210  stm32f10x_usart.o(.text)
    USART_StructInit                         0x080005ad   Thumb Code    24  stm32f10x_usart.o(.text)
    USART_ClockInit                          0x080005c5   Thumb Code    34  stm32f10x_usart.o(.text)
    USART_ClockStructInit                    0x080005e7   Thumb Code    12  stm32f10x_usart.o(.text)
    USART_Cmd                                0x080005f3   Thumb Code    24  stm32f10x_usart.o(.text)
    USART_ITConfig                           0x0800060b   Thumb Code    74  stm32f10x_usart.o(.text)
    USART_DMACmd                             0x08000655   Thumb Code    18  stm32f10x_usart.o(.text)
    USART_SetAddress                         0x08000667   Thumb Code    18  stm32f10x_usart.o(.text)
    USART_WakeUpConfig                       0x08000679   Thumb Code    18  stm32f10x_usart.o(.text)
    USART_ReceiverWakeUpCmd                  0x0800068b   Thumb Code    24  stm32f10x_usart.o(.text)
    USART_LINBreakDetectLengthConfig         0x080006a3   Thumb Code    18  stm32f10x_usart.o(.text)
    USART_LINCmd                             0x080006b5   Thumb Code    24  stm32f10x_usart.o(.text)
    USART_SendData                           0x080006cd   Thumb Code     8  stm32f10x_usart.o(.text)
    USART_ReceiveData                        0x080006d5   Thumb Code    10  stm32f10x_usart.o(.text)
    USART_SendBreak                          0x080006df   Thumb Code    10  stm32f10x_usart.o(.text)
    USART_SetGuardTime                       0x080006e9   Thumb Code    16  stm32f10x_usart.o(.text)
    USART_SetPrescaler                       0x080006f9   Thumb Code    16  stm32f10x_usart.o(.text)
    USART_SmartCardCmd                       0x08000709   Thumb Code    24  stm32f10x_usart.o(.text)
    USART_SmartCardNACKCmd                   0x08000721   Thumb Code    24  stm32f10x_usart.o(.text)
    USART_HalfDuplexCmd                      0x08000739   Thumb Code    24  stm32f10x_usart.o(.text)
    USART_OverSampling8Cmd                   0x08000751   Thumb Code    22  stm32f10x_usart.o(.text)
    USART_OneBitMethodCmd                    0x08000767   Thumb Code    24  stm32f10x_usart.o(.text)
    USART_IrDAConfig                         0x0800077f   Thumb Code    18  stm32f10x_usart.o(.text)
    USART_IrDACmd                            0x08000791   Thumb Code    24  stm32f10x_usart.o(.text)
    USART_GetFlagStatus                      0x080007a9   Thumb Code    26  stm32f10x_usart.o(.text)
    USART_ClearFlag                          0x080007c3   Thumb Code    18  stm32f10x_usart.o(.text)
    USART_GetITStatus                        0x080007d5   Thumb Code    84  stm32f10x_usart.o(.text)
    USART_ClearITPendingBit                  0x08000829   Thumb Code    52  stm32f10x_usart.o(.text)
    GPIO_DeInit                              0x0800085d   Thumb Code   172  stm32f10x_gpio.o(.text)
    GPIO_AFIODeInit                          0x08000909   Thumb Code    20  stm32f10x_gpio.o(.text)
    GPIO_Init                                0x0800091d   Thumb Code   278  stm32f10x_gpio.o(.text)
    GPIO_StructInit                          0x08000a33   Thumb Code    16  stm32f10x_gpio.o(.text)
    GPIO_ReadInputDataBit                    0x08000a43   Thumb Code    18  stm32f10x_gpio.o(.text)
    GPIO_ReadInputData                       0x08000a55   Thumb Code     8  stm32f10x_gpio.o(.text)
    GPIO_ReadOutputDataBit                   0x08000a5d   Thumb Code    18  stm32f10x_gpio.o(.text)
    GPIO_ReadOutputData                      0x08000a6f   Thumb Code     8  stm32f10x_gpio.o(.text)
    GPIO_SetBits                             0x08000a77   Thumb Code     4  stm32f10x_gpio.o(.text)
    GPIO_ResetBits                           0x08000a7b   Thumb Code     4  stm32f10x_gpio.o(.text)
    GPIO_WriteBit                            0x08000a7f   Thumb Code    10  stm32f10x_gpio.o(.text)
    GPIO_Write                               0x08000a89   Thumb Code     4  stm32f10x_gpio.o(.text)
    GPIO_PinLockConfig                       0x08000a8d   Thumb Code    18  stm32f10x_gpio.o(.text)
    GPIO_EventOutputConfig                   0x08000a9f   Thumb Code    26  stm32f10x_gpio.o(.text)
    GPIO_EventOutputCmd                      0x08000ab9   Thumb Code     6  stm32f10x_gpio.o(.text)
    GPIO_PinRemapConfig                      0x08000abf   Thumb Code   138  stm32f10x_gpio.o(.text)
    GPIO_EXTILineConfig                      0x08000b49   Thumb Code    66  stm32f10x_gpio.o(.text)
    GPIO_ETH_MediaInterfaceConfig            0x08000b8b   Thumb Code     8  stm32f10x_gpio.o(.text)
    RCC_DeInit                               0x08000bb9   Thumb Code    64  stm32f10x_rcc.o(.text)
    RCC_HSEConfig                            0x08000bf9   Thumb Code    70  stm32f10x_rcc.o(.text)
    RCC_GetFlagStatus                        0x08000c3f   Thumb Code    56  stm32f10x_rcc.o(.text)
    RCC_WaitForHSEStartUp                    0x08000c77   Thumb Code    56  stm32f10x_rcc.o(.text)
    RCC_AdjustHSICalibrationValue            0x08000caf   Thumb Code    20  stm32f10x_rcc.o(.text)
    RCC_HSICmd                               0x08000cc3   Thumb Code     6  stm32f10x_rcc.o(.text)
    RCC_PLLConfig                            0x08000cc9   Thumb Code    24  stm32f10x_rcc.o(.text)
    RCC_PLLCmd                               0x08000ce1   Thumb Code     6  stm32f10x_rcc.o(.text)
    RCC_SYSCLKConfig                         0x08000ce7   Thumb Code    18  stm32f10x_rcc.o(.text)
    RCC_GetSYSCLKSource                      0x08000cf9   Thumb Code    10  stm32f10x_rcc.o(.text)
    RCC_HCLKConfig                           0x08000d03   Thumb Code    18  stm32f10x_rcc.o(.text)
    RCC_PCLK1Config                          0x08000d15   Thumb Code    18  stm32f10x_rcc.o(.text)
    RCC_PCLK2Config                          0x08000d27   Thumb Code    20  stm32f10x_rcc.o(.text)
    RCC_ITConfig                             0x08000d3b   Thumb Code    26  stm32f10x_rcc.o(.text)
    RCC_USBCLKConfig                         0x08000d55   Thumb Code     8  stm32f10x_rcc.o(.text)
    RCC_ADCCLKConfig                         0x08000d5d   Thumb Code    18  stm32f10x_rcc.o(.text)
    RCC_LSEConfig                            0x08000d6f   Thumb Code    50  stm32f10x_rcc.o(.text)
    RCC_LSICmd                               0x08000da1   Thumb Code     6  stm32f10x_rcc.o(.text)
    RCC_RTCCLKConfig                         0x08000da7   Thumb Code    12  stm32f10x_rcc.o(.text)
    RCC_RTCCLKCmd                            0x08000db3   Thumb Code     8  stm32f10x_rcc.o(.text)
    RCC_GetClocksFreq                        0x08000dbb   Thumb Code   192  stm32f10x_rcc.o(.text)
    RCC_AHBPeriphClockCmd                    0x08000e7b   Thumb Code    26  stm32f10x_rcc.o(.text)
    RCC_APB2PeriphClockCmd                   0x08000e95   Thumb Code    26  stm32f10x_rcc.o(.text)
    RCC_APB1PeriphClockCmd                   0x08000eaf   Thumb Code    26  stm32f10x_rcc.o(.text)
    RCC_APB2PeriphResetCmd                   0x08000ec9   Thumb Code    26  stm32f10x_rcc.o(.text)
    RCC_APB1PeriphResetCmd                   0x08000ee3   Thumb Code    26  stm32f10x_rcc.o(.text)
    RCC_BackupResetCmd                       0x08000efd   Thumb Code     8  stm32f10x_rcc.o(.text)
    RCC_ClockSecuritySystemCmd               0x08000f05   Thumb Code     6  stm32f10x_rcc.o(.text)
    RCC_MCOConfig                            0x08000f0b   Thumb Code     6  stm32f10x_rcc.o(.text)
    RCC_ClearFlag                            0x08000f11   Thumb Code    14  stm32f10x_rcc.o(.text)
    RCC_GetITStatus                          0x08000f1f   Thumb Code    20  stm32f10x_rcc.o(.text)
    RCC_ClearITPendingBit                    0x08000f33   Thumb Code     6  stm32f10x_rcc.o(.text)
    main                                     0x08000f5d   Thumb Code   162  main.o(.text)
    NMI_Handler                              0x08001029   Thumb Code     2  stm32f10x_it.o(.text)
    HardFault_Handler                        0x0800102b   Thumb Code     4  stm32f10x_it.o(.text)
    MemManage_Handler                        0x0800102f   Thumb Code     4  stm32f10x_it.o(.text)
    BusFault_Handler                         0x08001033   Thumb Code     4  stm32f10x_it.o(.text)
    UsageFault_Handler                       0x08001037   Thumb Code     4  stm32f10x_it.o(.text)
    SVC_Handler                              0x0800103b   Thumb Code     2  stm32f10x_it.o(.text)
    DebugMon_Handler                         0x0800103d   Thumb Code     2  stm32f10x_it.o(.text)
    PendSV_Handler                           0x0800103f   Thumb Code     2  stm32f10x_it.o(.text)
    SysTick_Handler                          0x08001041   Thumb Code    12  stm32f10x_it.o(.text)
    USART2_IRQHandler                        0x0800104d   Thumb Code    90  stm32f10x_it.o(.text)
    USART_Config                             0x080010bd   Thumb Code   168  usart.o(.text)
    USART_SendString                         0x08001165   Thumb Code    44  usart.o(.text)
    Delay_us                                 0x08001199   Thumb Code    46  delay.o(.text)
    Delay_ms                                 0x080011c7   Thumb Code    24  delay.o(.text)
    Delay_s                                  0x080011df   Thumb Code    24  delay.o(.text)
    OLED_W_SCL                               0x080011f9   Thumb Code    16  oled.o(.text)
    OLED_W_SDA                               0x08001209   Thumb Code    16  oled.o(.text)
    OLED_GPIO_Init                           0x08001219   Thumb Code    88  oled.o(.text)
    OLED_I2C_Start                           0x08001271   Thumb Code    28  oled.o(.text)
    OLED_I2C_Stop                            0x0800128d   Thumb Code    22  oled.o(.text)
    OLED_I2C_SendByte                        0x080012a3   Thumb Code    62  oled.o(.text)
    OLED_WriteCommand                        0x080012e1   Thumb Code    32  oled.o(.text)
    OLED_WriteData                           0x08001301   Thumb Code    46  oled.o(.text)
    OLED_SetCursor                           0x0800132f   Thumb Code    38  oled.o(.text)
    OLED_Update                              0x08001355   Thumb Code    40  oled.o(.text)
    OLED_Clear                               0x0800137d   Thumb Code    42  oled.o(.text)
    OLED_Init                                0x080013a7   Thumb Code   154  oled.o(.text)
    OLED_Pow                                 0x08001441   Thumb Code    20  oled.o(.text)
    OLED_pnpoly                              0x08001455   Thumb Code   140  oled.o(.text)
    OLED_IsInAngle                           0x080014e1   Thumb Code   110  oled.o(.text)
    OLED_UpdateArea                          0x0800154f   Thumb Code   124  oled.o(.text)
    OLED_ClearArea                           0x080015cb   Thumb Code   170  oled.o(.text)
    OLED_Reverse                             0x08001675   Thumb Code    56  oled.o(.text)
    OLED_ReverseArea                         0x080016ad   Thumb Code   148  oled.o(.text)
    OLED_ShowImage                           0x08001741   Thumb Code   264  oled.o(.text)
    OLED_ShowChar                            0x08001849   Thumb Code    74  oled.o(.text)
    OLED_ShowString                          0x08001893   Thumb Code    46  oled.o(.text)
    OLED_ShowNum                             0x080018c1   Thumb Code    76  oled.o(.text)
    OLED_ShowSignedNum                       0x0800190d   Thumb Code   112  oled.o(.text)
    OLED_ShowHexNum                          0x0800197d   Thumb Code    96  oled.o(.text)
    OLED_ShowBinNum                          0x080019dd   Thumb Code    70  oled.o(.text)
    OLED_ShowFloatNum                        0x08001a23   Thumb Code   226  oled.o(.text)
    OLED_ShowChinese                         0x08001b05   Thumb Code   148  oled.o(.text)
    OLED_Printf                              0x08001b99   Thumb Code    50  oled.o(.text)
    OLED_DrawPoint                           0x08001bcb   Thumb Code    84  oled.o(.text)
    OLED_GetPoint                            0x08001c1f   Thumb Code    68  oled.o(.text)
    OLED_DrawLine                            0x08001c63   Thumb Code   374  oled.o(.text)
    OLED_DrawRectangle                       0x08001dd9   Thumb Code   142  oled.o(.text)
    OLED_DrawTriangle                        0x08001e67   Thumb Code   246  oled.o(.text)
    OLED_DrawCircle                          0x08001f5d   Thumb Code   352  oled.o(.text)
    OLED_DrawEllipse                         0x080020bd   Thumb Code   806  oled.o(.text)
    OLED_DrawArc                             0x080023e3   Thumb Code   624  oled.o(.text)
    NVIC_PriorityGroupConfig                 0x08002655   Thumb Code    10  misc.o(.text)
    NVIC_Init                                0x0800265f   Thumb Code   100  misc.o(.text)
    NVIC_SetVectorTable                      0x080026c3   Thumb Code    14  misc.o(.text)
    NVIC_SystemLPConfig                      0x080026d1   Thumb Code    34  misc.o(.text)
    SysTick_CLKSourceConfig                  0x080026f3   Thumb Code    40  misc.o(.text)
    vsprintf                                 0x08002731   Thumb Code    32  vsprintf.o(.text)
    strcmp                                   0x08002755   Thumb Code   128  strcmpv7m.o(.text)
    __use_two_region_memory                  0x080027d5   Thumb Code     2  heapauxi.o(.text)
    __rt_heap_escrow$2region                 0x080027d7   Thumb Code     2  heapauxi.o(.text)
    __rt_heap_expand$2region                 0x080027d9   Thumb Code     2  heapauxi.o(.text)
    __read_errno                             0x080027db   Thumb Code    10  _rserrno.o(.text)
    __set_errno                              0x080027e5   Thumb Code    12  _rserrno.o(.text)
    _printf_pre_padding                      0x080027f1   Thumb Code    44  _printf_pad.o(.text)
    _printf_post_padding                     0x0800281d   Thumb Code    34  _printf_pad.o(.text)
    _printf_truncate_signed                  0x0800283f   Thumb Code    18  _printf_truncate.o(.text)
    _printf_truncate_unsigned                0x08002851   Thumb Code    18  _printf_truncate.o(.text)
    _printf_str                              0x08002863   Thumb Code    82  _printf_str.o(.text)
    _printf_int_dec                          0x080028b5   Thumb Code   104  _printf_dec.o(.text)
    _printf_charcount                        0x0800292d   Thumb Code    40  _printf_charcount.o(.text)
    _printf_char_common                      0x0800295f   Thumb Code    32  _printf_char_common.o(.text)
    _sputc                                   0x08002985   Thumb Code    10  _sputc.o(.text)
    _printf_wctomb                           0x08002991   Thumb Code   182  _printf_wctomb.o(.text)
    _printf_longlong_dec                     0x08002a4d   Thumb Code   108  _printf_longlong_dec.o(.text)
    _printf_longlong_oct                     0x08002ac9   Thumb Code    66  _printf_oct_int_ll.o(.text)
    _printf_int_oct                          0x08002b0b   Thumb Code    24  _printf_oct_int_ll.o(.text)
    _printf_ll_oct                           0x08002b23   Thumb Code    12  _printf_oct_int_ll.o(.text)
    _printf_longlong_hex                     0x08002b39   Thumb Code    86  _printf_hex_int_ll_ptr.o(.text)
    _printf_int_hex                          0x08002b8f   Thumb Code    28  _printf_hex_int_ll_ptr.o(.text)
    _printf_ll_hex                           0x08002bab   Thumb Code    12  _printf_hex_int_ll_ptr.o(.text)
    _printf_hex_ptr                          0x08002bb7   Thumb Code    18  _printf_hex_int_ll_ptr.o(.text)
    __printf                                 0x08002bcd   Thumb Code   388  __printf_flags_ss_wp.o(.text)
    __aeabi_errno_addr                       0x08002d55   Thumb Code     8  rt_errno_addr_intlibspace.o(.text)
    __errno$intlibspace                      0x08002d55   Thumb Code     0  rt_errno_addr_intlibspace.o(.text)
    __rt_errno_addr$intlibspace              0x08002d55   Thumb Code     0  rt_errno_addr_intlibspace.o(.text)
    _ll_udiv10                               0x08002d5d   Thumb Code   138  lludiv10.o(.text)
    _printf_int_common                       0x08002de7   Thumb Code   178  _printf_intcommon.o(.text)
    __lib_sel_fp_printf                      0x08002e99   Thumb Code     2  _printf_fp_dec.o(.text)
    _printf_fp_dec_real                      0x0800304b   Thumb Code   620  _printf_fp_dec.o(.text)
    _printf_fp_hex_real                      0x080032b9   Thumb Code   756  _printf_fp_hex.o(.text)
    _printf_cs_common                        0x080035b5   Thumb Code    20  _printf_char.o(.text)
    _printf_char                             0x080035c9   Thumb Code    16  _printf_char.o(.text)
    _printf_string                           0x080035d9   Thumb Code     8  _printf_char.o(.text)
    _printf_lcs_common                       0x080035e1   Thumb Code    20  _printf_wchar.o(.text)
    _printf_wchar                            0x080035f5   Thumb Code    16  _printf_wchar.o(.text)
    _printf_wstring                          0x08003605   Thumb Code     8  _printf_wchar.o(.text)
    _wcrtomb                                 0x0800360d   Thumb Code    64  _wcrtomb.o(.text)
    __user_libspace                          0x0800364d   Thumb Code     8  libspace.o(.text)
    __user_perproc_libspace                  0x0800364d   Thumb Code     0  libspace.o(.text)
    __user_perthread_libspace                0x0800364d   Thumb Code     0  libspace.o(.text)
    __user_setup_stackheap                   0x08003655   Thumb Code    74  sys_stackheap_outer.o(.text)
    __rt_ctype_table                         0x080036a1   Thumb Code    16  rt_ctype_table.o(.text)
    __rt_locale                              0x080036b1   Thumb Code     8  rt_locale_intlibspace.o(.text)
    _printf_fp_infnan                        0x080036b9   Thumb Code   112  _printf_fp_infnan.o(.text)
    _btod_etento                             0x08003739   Thumb Code   224  bigflt0.o(.text)
    exit                                     0x0800381d   Thumb Code    18  exit.o(.text)
    _sys_exit                                0x08003831   Thumb Code     8  sys_exit.o(.text)
    __I$use$semihosting                      0x0800383d   Thumb Code     0  use_no_semi.o(.text)
    __use_no_semihosting_swi                 0x0800383d   Thumb Code     2  use_no_semi.o(.text)
    __semihosting_library_function           0x0800383f   Thumb Code     0  indicate_semi.o(.text)
    _btod_d2e                                0x0800383f   Thumb Code    62  btod.o(CL$$btod_d2e)
    _d2e_denorm_low                          0x0800387d   Thumb Code    70  btod.o(CL$$btod_d2e_denorm_low)
    _d2e_norm_op1                            0x080038c3   Thumb Code    96  btod.o(CL$$btod_d2e_norm_op1)
    __btod_div_common                        0x08003923   Thumb Code   696  btod.o(CL$$btod_div_common)
    _e2e                                     0x08003c5b   Thumb Code   220  btod.o(CL$$btod_e2e)
    _btod_ediv                               0x08003d37   Thumb Code    42  btod.o(CL$$btod_ediv)
    _btod_emul                               0x08003d61   Thumb Code    42  btod.o(CL$$btod_emul)
    __btod_mult_common                       0x08003d8b   Thumb Code   580  btod.o(CL$$btod_mult_common)
    __ARM_fpclassify                         0x08003fcf   Thumb Code    40  fpclassify.o(i.__ARM_fpclassify)
    __kernel_poly                            0x08003ff7   Thumb Code   170  poly.o(i.__kernel_poly)
    __mathlib_dbl_infnan                     0x080040a1   Thumb Code     6  dunder.o(i.__mathlib_dbl_infnan)
    __mathlib_dbl_infnan2                    0x080040a7   Thumb Code     4  dunder.o(i.__mathlib_dbl_infnan2)
    __mathlib_dbl_underflow                  0x080040ad   Thumb Code    10  dunder.o(i.__mathlib_dbl_underflow)
    _is_digit                                0x080040bd   Thumb Code    14  __printf_wp.o(i._is_digit)
    atan                                     0x080040cd   Thumb Code   474  atan.o(i.atan)
    atan2                                    0x080042ed   Thumb Code   374  atan2.o(i.atan2)
    round                                    0x08004489   Thumb Code   136  round.o(i.round)
    _get_lc_numeric                          0x0800451d   Thumb Code    44  lc_numeric_c.o(locale$$code)
    _get_lc_ctype                            0x08004549   Thumb Code    44  lc_ctype_c.o(locale$$code)
    __aeabi_d2f                              0x08004575   Thumb Code     0  d2f.o(x$fpl$d2f)
    _d2f                                     0x08004575   Thumb Code    98  d2f.o(x$fpl$d2f)
    __aeabi_dadd                             0x080045d9   Thumb Code     0  daddsub_clz.o(x$fpl$dadd)
    _dadd                                    0x080045d9   Thumb Code   332  daddsub_clz.o(x$fpl$dadd)
    __fpl_dcheck_NaN1                        0x08004729   Thumb Code    10  dcheck1.o(x$fpl$dcheck1)
    __fpl_dcmp_Inf                           0x08004739   Thumb Code    24  dcmpi.o(x$fpl$dcmpinf)
    __aeabi_ddiv                             0x08004751   Thumb Code     0  ddiv.o(x$fpl$ddiv)
    _ddiv                                    0x08004751   Thumb Code   552  ddiv.o(x$fpl$ddiv)
    __aeabi_cdcmpeq                          0x08004a01   Thumb Code     0  deqf.o(x$fpl$deqf)
    _dcmpeq                                  0x08004a01   Thumb Code   120  deqf.o(x$fpl$deqf)
    __aeabi_d2iz                             0x08004a79   Thumb Code     0  dfix.o(x$fpl$dfix)
    _dfix                                    0x08004a79   Thumb Code    94  dfix.o(x$fpl$dfix)
    __aeabi_d2uiz                            0x08004ad9   Thumb Code     0  dfixu.o(x$fpl$dfixu)
    _dfixu                                   0x08004ad9   Thumb Code    90  dfixu.o(x$fpl$dfixu)
    __aeabi_i2d                              0x08004b33   Thumb Code     0  dflt_clz.o(x$fpl$dflt)
    _dflt                                    0x08004b33   Thumb Code    46  dflt_clz.o(x$fpl$dflt)
    __aeabi_ui2d                             0x08004b61   Thumb Code     0  dflt_clz.o(x$fpl$dfltu)
    _dfltu                                   0x08004b61   Thumb Code    38  dflt_clz.o(x$fpl$dfltu)
    __aeabi_cdcmple                          0x08004b89   Thumb Code     0  dleqf.o(x$fpl$dleqf)
    _dcmple                                  0x08004b89   Thumb Code   120  dleqf.o(x$fpl$dleqf)
    __fpl_dcmple_InfNaN                      0x08004beb   Thumb Code     0  dleqf.o(x$fpl$dleqf)
    __aeabi_dmul                             0x08004c01   Thumb Code     0  dmul.o(x$fpl$dmul)
    _dmul                                    0x08004c01   Thumb Code   332  dmul.o(x$fpl$dmul)
    __fpl_dnaninf                            0x08004d55   Thumb Code   156  dnaninf.o(x$fpl$dnaninf)
    __fpl_dretinf                            0x08004df1   Thumb Code    12  dretinf.o(x$fpl$dretinf)
    __aeabi_cdrcmple                         0x08004dfd   Thumb Code     0  drleqf.o(x$fpl$drleqf)
    _drcmple                                 0x08004dfd   Thumb Code   108  drleqf.o(x$fpl$drleqf)
    _drnd                                    0x08004e69   Thumb Code   180  drnd.o(x$fpl$drnd)
    __aeabi_drsub                            0x08004f1d   Thumb Code     0  daddsub_clz.o(x$fpl$drsb)
    _drsb                                    0x08004f1d   Thumb Code    22  daddsub_clz.o(x$fpl$drsb)
    __aeabi_dsub                             0x08004f35   Thumb Code     0  daddsub_clz.o(x$fpl$dsub)
    _dsub                                    0x08004f35   Thumb Code   464  daddsub_clz.o(x$fpl$dsub)
    __aeabi_fadd                             0x08005109   Thumb Code     0  faddsub_clz.o(x$fpl$fadd)
    _fadd                                    0x08005109   Thumb Code   196  faddsub_clz.o(x$fpl$fadd)
    __fpl_fcmp_Inf                           0x080051cd   Thumb Code    24  fcmpi.o(x$fpl$fcmpinf)
    __aeabi_i2f                              0x080051e5   Thumb Code     0  fflt_clz.o(x$fpl$fflt)
    _fflt                                    0x080051e5   Thumb Code    48  fflt_clz.o(x$fpl$fflt)
    __aeabi_cfcmple                          0x08005215   Thumb Code     0  fleqf.o(x$fpl$fleqf)
    _fcmple                                  0x08005215   Thumb Code   104  fleqf.o(x$fpl$fleqf)
    __fpl_fcmple_InfNaN                      0x08005267   Thumb Code     0  fleqf.o(x$fpl$fleqf)
    __fpl_fnaninf                            0x0800527d   Thumb Code   140  fnaninf.o(x$fpl$fnaninf)
    __fpl_fretinf                            0x08005309   Thumb Code    10  fretinf.o(x$fpl$fretinf)
    __aeabi_fsub                             0x08005315   Thumb Code     0  faddsub_clz.o(x$fpl$fsub)
    _fsub                                    0x08005315   Thumb Code   234  faddsub_clz.o(x$fpl$fsub)
    _printf_fp_dec                           0x080053ff   Thumb Code     4  printf1.o(x$fpl$printf1)
    _printf_fp_hex                           0x08005403   Thumb Code     4  printf2.o(x$fpl$printf2)
    __fpl_return_NaN                         0x08005407   Thumb Code   100  retnan.o(x$fpl$retnan)
    __ARM_scalbn                             0x0800546b   Thumb Code    92  scalbn.o(x$fpl$scalbn)
    __fpl_cmpreturn                          0x080054c7   Thumb Code    48  trapv.o(x$fpl$trapveneer)
    OLED_F8x16                               0x080054f6   Data        1520  oled_data.o(.constdata)
    __I$use$fp                               0x080054f6   Number         0  usenofp.o(x$fpl$usenofp)
    OLED_F6x8                                0x08005ae6   Data         570  oled_data.o(.constdata)
    OLED_CF16x16                             0x08005d20   Data         245  oled_data.o(.constdata)
    Diode                                    0x08005e15   Data          32  oled_data.o(.constdata)
    __mathlib_zero                           0x08005f18   Data           8  qnan.o(.constdata)
    Region$$Table$$Base                      0x08005fdc   Number         0  anon$$obj.o(Region$$Table)
    Region$$Table$$Limit                     0x08005ffc   Number         0  anon$$obj.o(Region$$Table)
    __ctype                                  0x08006025   Data           0  lc_ctype_c.o(locale$$data)
    SystemCoreClock                          0x20000000   Data           4  system_stm32f10x.o(.data)
    AHBPrescTable                            0x20000004   Data          16  system_stm32f10x.o(.data)
    TimingDelay                              0x20000028   Data           4  main.o(.data)
    RXOVER                                   0x2000002c   Data           1  stm32f10x_it.o(.data)
    RXCONT                                   0x2000002d   Data           1  stm32f10x_it.o(.data)
    USART_RXBUF                              0x20000030   Data          20  main.o(.bss)
    OLED_DisplayBuf                          0x20000044   Data        1040  oled.o(.bss)
    __libspace_start                         0x20000454   Data          96  libspace.o(.bss)
    __temporary_stack_top$libspace           0x200004b4   Data           0  libspace.o(.bss)



==============================================================================

Memory Map of the image

  Image Entry point : 0x080000ed

  Load Region LR_IROM1 (Base: 0x08000000, Size: 0x00006158, Max: 0x00010000, ABSOLUTE)

    Execution Region ER_IROM1 (Exec base: 0x08000000, Load base: 0x08000000, Size: 0x00006128, Max: 0x00010000, ABSOLUTE)

    Exec Addr    Load Addr    Size         Type   Attr      Idx    E Section Name        Object

    0x08000000   0x08000000   0x000000ec   Data   RO            3    RESET               startup_stm32f10x_md.o
    0x080000ec   0x080000ec   0x00000008   Code   RO          333  * !!!main             c_w.l(__main.o)
    0x080000f4   0x080000f4   0x00000034   Code   RO          768    !!!scatter          c_w.l(__scatter.o)
    0x08000128   0x08000128   0x0000001a   Code   RO          770    !!handler_copy      c_w.l(__scatter_copy.o)
    0x08000142   0x08000142   0x00000002   PAD
    0x08000144   0x08000144   0x0000001c   Code   RO          772    !!handler_zi        c_w.l(__scatter_zi.o)
    0x08000160   0x08000160   0x00000000   Code   RO          475    .ARM.Collect$$_printf_percent$$00000000  c_w.l(_printf_percent.o)
    0x08000160   0x08000160   0x00000006   Code   RO          464    .ARM.Collect$$_printf_percent$$00000001  c_w.l(_printf_n.o)
    0x08000166   0x08000166   0x00000006   Code   RO          466    .ARM.Collect$$_printf_percent$$00000002  c_w.l(_printf_p.o)
    0x0800016c   0x0800016c   0x00000006   Code   RO          471    .ARM.Collect$$_printf_percent$$00000003  c_w.l(_printf_f.o)
    0x08000172   0x08000172   0x00000006   Code   RO          472    .ARM.Collect$$_printf_percent$$00000004  c_w.l(_printf_e.o)
    0x08000178   0x08000178   0x00000006   Code   RO          473    .ARM.Collect$$_printf_percent$$00000005  c_w.l(_printf_g.o)
    0x0800017e   0x0800017e   0x00000006   Code   RO          474    .ARM.Collect$$_printf_percent$$00000006  c_w.l(_printf_a.o)
    0x08000184   0x08000184   0x0000000a   Code   RO          479    .ARM.Collect$$_printf_percent$$00000007  c_w.l(_printf_ll.o)
    0x0800018e   0x0800018e   0x00000006   Code   RO          468    .ARM.Collect$$_printf_percent$$00000008  c_w.l(_printf_i.o)
    0x08000194   0x08000194   0x00000006   Code   RO          469    .ARM.Collect$$_printf_percent$$00000009  c_w.l(_printf_d.o)
    0x0800019a   0x0800019a   0x00000006   Code   RO          470    .ARM.Collect$$_printf_percent$$0000000A  c_w.l(_printf_u.o)
    0x080001a0   0x080001a0   0x00000006   Code   RO          467    .ARM.Collect$$_printf_percent$$0000000B  c_w.l(_printf_o.o)
    0x080001a6   0x080001a6   0x00000006   Code   RO          465    .ARM.Collect$$_printf_percent$$0000000C  c_w.l(_printf_x.o)
    0x080001ac   0x080001ac   0x00000006   Code   RO          476    .ARM.Collect$$_printf_percent$$0000000D  c_w.l(_printf_lli.o)
    0x080001b2   0x080001b2   0x00000006   Code   RO          477    .ARM.Collect$$_printf_percent$$0000000E  c_w.l(_printf_lld.o)
    0x080001b8   0x080001b8   0x00000006   Code   RO          478    .ARM.Collect$$_printf_percent$$0000000F  c_w.l(_printf_llu.o)
    0x080001be   0x080001be   0x00000006   Code   RO          483    .ARM.Collect$$_printf_percent$$00000010  c_w.l(_printf_llo.o)
    0x080001c4   0x080001c4   0x00000006   Code   RO          484    .ARM.Collect$$_printf_percent$$00000011  c_w.l(_printf_llx.o)
    0x080001ca   0x080001ca   0x0000000a   Code   RO          480    .ARM.Collect$$_printf_percent$$00000012  c_w.l(_printf_l.o)
    0x080001d4   0x080001d4   0x00000006   Code   RO          462    .ARM.Collect$$_printf_percent$$00000013  c_w.l(_printf_c.o)
    0x080001da   0x080001da   0x00000006   Code   RO          463    .ARM.Collect$$_printf_percent$$00000014  c_w.l(_printf_s.o)
    0x080001e0   0x080001e0   0x00000006   Code   RO          481    .ARM.Collect$$_printf_percent$$00000015  c_w.l(_printf_lc.o)
    0x080001e6   0x080001e6   0x00000006   Code   RO          482    .ARM.Collect$$_printf_percent$$00000016  c_w.l(_printf_ls.o)
    0x080001ec   0x080001ec   0x00000004   Code   RO          570    .ARM.Collect$$_printf_percent$$00000017  c_w.l(_printf_percent_end.o)
    0x080001f0   0x080001f0   0x00000002   Code   RO          628    .ARM.Collect$$libinit$$00000000  c_w.l(libinit.o)
    0x080001f2   0x080001f2   0x00000000   Code   RO          639    .ARM.Collect$$libinit$$00000002  c_w.l(libinit2.o)
    0x080001f2   0x080001f2   0x00000000   Code   RO          641    .ARM.Collect$$libinit$$00000004  c_w.l(libinit2.o)
    0x080001f2   0x080001f2   0x00000000   Code   RO          644    .ARM.Collect$$libinit$$0000000A  c_w.l(libinit2.o)
    0x080001f2   0x080001f2   0x00000000   Code   RO          646    .ARM.Collect$$libinit$$0000000C  c_w.l(libinit2.o)
    0x080001f2   0x080001f2   0x00000000   Code   RO          648    .ARM.Collect$$libinit$$0000000E  c_w.l(libinit2.o)
    0x080001f2   0x080001f2   0x00000006   Code   RO          649    .ARM.Collect$$libinit$$0000000F  c_w.l(libinit2.o)
    0x080001f8   0x080001f8   0x00000000   Code   RO          651    .ARM.Collect$$libinit$$00000011  c_w.l(libinit2.o)
    0x080001f8   0x080001f8   0x0000000c   Code   RO          652    .ARM.Collect$$libinit$$00000012  c_w.l(libinit2.o)
    0x08000204   0x08000204   0x00000000   Code   RO          653    .ARM.Collect$$libinit$$00000013  c_w.l(libinit2.o)
    0x08000204   0x08000204   0x00000000   Code   RO          655    .ARM.Collect$$libinit$$00000015  c_w.l(libinit2.o)
    0x08000204   0x08000204   0x0000000a   Code   RO          656    .ARM.Collect$$libinit$$00000016  c_w.l(libinit2.o)
    0x0800020e   0x0800020e   0x00000000   Code   RO          657    .ARM.Collect$$libinit$$00000017  c_w.l(libinit2.o)
    0x0800020e   0x0800020e   0x00000000   Code   RO          659    .ARM.Collect$$libinit$$00000019  c_w.l(libinit2.o)
    0x0800020e   0x0800020e   0x00000000   Code   RO          661    .ARM.Collect$$libinit$$0000001B  c_w.l(libinit2.o)
    0x0800020e   0x0800020e   0x00000000   Code   RO          663    .ARM.Collect$$libinit$$0000001D  c_w.l(libinit2.o)
    0x0800020e   0x0800020e   0x00000000   Code   RO          665    .ARM.Collect$$libinit$$0000001F  c_w.l(libinit2.o)
    0x0800020e   0x0800020e   0x00000000   Code   RO          667    .ARM.Collect$$libinit$$00000021  c_w.l(libinit2.o)
    0x0800020e   0x0800020e   0x00000000   Code   RO          669    .ARM.Collect$$libinit$$00000023  c_w.l(libinit2.o)
    0x0800020e   0x0800020e   0x00000000   Code   RO          671    .ARM.Collect$$libinit$$00000025  c_w.l(libinit2.o)
    0x0800020e   0x0800020e   0x00000000   Code   RO          675    .ARM.Collect$$libinit$$0000002C  c_w.l(libinit2.o)
    0x0800020e   0x0800020e   0x00000000   Code   RO          677    .ARM.Collect$$libinit$$0000002E  c_w.l(libinit2.o)
    0x0800020e   0x0800020e   0x00000000   Code   RO          679    .ARM.Collect$$libinit$$00000030  c_w.l(libinit2.o)
    0x0800020e   0x0800020e   0x00000000   Code   RO          681    .ARM.Collect$$libinit$$00000032  c_w.l(libinit2.o)
    0x0800020e   0x0800020e   0x00000002   Code   RO          682    .ARM.Collect$$libinit$$00000033  c_w.l(libinit2.o)
    0x08000210   0x08000210   0x00000002   Code   RO          706    .ARM.Collect$$libshutdown$$00000000  c_w.l(libshutdown.o)
    0x08000212   0x08000212   0x00000000   Code   RO          719    .ARM.Collect$$libshutdown$$00000002  c_w.l(libshutdown2.o)
    0x08000212   0x08000212   0x00000000   Code   RO          721    .ARM.Collect$$libshutdown$$00000004  c_w.l(libshutdown2.o)
    0x08000212   0x08000212   0x00000000   Code   RO          723    .ARM.Collect$$libshutdown$$00000006  c_w.l(libshutdown2.o)
    0x08000212   0x08000212   0x00000000   Code   RO          726    .ARM.Collect$$libshutdown$$00000009  c_w.l(libshutdown2.o)
    0x08000212   0x08000212   0x00000000   Code   RO          729    .ARM.Collect$$libshutdown$$0000000C  c_w.l(libshutdown2.o)
    0x08000212   0x08000212   0x00000000   Code   RO          731    .ARM.Collect$$libshutdown$$0000000E  c_w.l(libshutdown2.o)
    0x08000212   0x08000212   0x00000000   Code   RO          734    .ARM.Collect$$libshutdown$$00000011  c_w.l(libshutdown2.o)
    0x08000212   0x08000212   0x00000002   Code   RO          735    .ARM.Collect$$libshutdown$$00000012  c_w.l(libshutdown2.o)
    0x08000214   0x08000214   0x00000000   Code   RO          391    .ARM.Collect$$rtentry$$00000000  c_w.l(__rtentry.o)
    0x08000214   0x08000214   0x00000000   Code   RO          536    .ARM.Collect$$rtentry$$00000002  c_w.l(__rtentry2.o)
    0x08000214   0x08000214   0x00000006   Code   RO          548    .ARM.Collect$$rtentry$$00000004  c_w.l(__rtentry4.o)
    0x0800021a   0x0800021a   0x00000000   Code   RO          538    .ARM.Collect$$rtentry$$00000009  c_w.l(__rtentry2.o)
    0x0800021a   0x0800021a   0x00000004   Code   RO          539    .ARM.Collect$$rtentry$$0000000A  c_w.l(__rtentry2.o)
    0x0800021e   0x0800021e   0x00000000   Code   RO          541    .ARM.Collect$$rtentry$$0000000C  c_w.l(__rtentry2.o)
    0x0800021e   0x0800021e   0x00000008   Code   RO          542    .ARM.Collect$$rtentry$$0000000D  c_w.l(__rtentry2.o)
    0x08000226   0x08000226   0x00000002   Code   RO          633    .ARM.Collect$$rtexit$$00000000  c_w.l(rtexit.o)
    0x08000228   0x08000228   0x00000000   Code   RO          686    .ARM.Collect$$rtexit$$00000002  c_w.l(rtexit2.o)
    0x08000228   0x08000228   0x00000004   Code   RO          687    .ARM.Collect$$rtexit$$00000003  c_w.l(rtexit2.o)
    0x0800022c   0x0800022c   0x00000006   Code   RO          688    .ARM.Collect$$rtexit$$00000004  c_w.l(rtexit2.o)
    0x08000232   0x08000232   0x00000002   PAD
    0x08000234   0x08000234   0x00000040   Code   RO            4    .text               startup_stm32f10x_md.o
    0x08000274   0x08000274   0x000001e0   Code   RO           26    .text               system_stm32f10x.o
    0x08000454   0x08000454   0x00000408   Code   RO           80    .text               stm32f10x_usart.o
    0x0800085c   0x0800085c   0x0000035c   Code   RO          104    .text               stm32f10x_gpio.o
    0x08000bb8   0x08000bb8   0x000003a4   Code   RO          124    .text               stm32f10x_rcc.o
    0x08000f5c   0x08000f5c   0x000000cc   Code   RO          146    .text               main.o
    0x08001028   0x08001028   0x00000094   Code   RO          191    .text               stm32f10x_it.o
    0x080010bc   0x080010bc   0x000000dc   Code   RO          215    .text               usart.o
    0x08001198   0x08001198   0x0000005e   Code   RO          235    .text               delay.o
    0x080011f6   0x080011f6   0x00000002   PAD
    0x080011f8   0x080011f8   0x0000145a   Code   RO          255    .text               oled.o
    0x08002652   0x08002652   0x00000002   PAD
    0x08002654   0x08002654   0x000000dc   Code   RO          307    .text               misc.o
    0x08002730   0x08002730   0x00000024   Code   RO          327    .text               c_w.l(vsprintf.o)
    0x08002754   0x08002754   0x00000080   Code   RO          329    .text               c_w.l(strcmpv7m.o)
    0x080027d4   0x080027d4   0x00000006   Code   RO          331    .text               c_w.l(heapauxi.o)
    0x080027da   0x080027da   0x00000016   Code   RO          392    .text               c_w.l(_rserrno.o)
    0x080027f0   0x080027f0   0x0000004e   Code   RO          396    .text               c_w.l(_printf_pad.o)
    0x0800283e   0x0800283e   0x00000024   Code   RO          398    .text               c_w.l(_printf_truncate.o)
    0x08002862   0x08002862   0x00000052   Code   RO          400    .text               c_w.l(_printf_str.o)
    0x080028b4   0x080028b4   0x00000078   Code   RO          402    .text               c_w.l(_printf_dec.o)
    0x0800292c   0x0800292c   0x00000028   Code   RO          404    .text               c_w.l(_printf_charcount.o)
    0x08002954   0x08002954   0x00000030   Code   RO          406    .text               c_w.l(_printf_char_common.o)
    0x08002984   0x08002984   0x0000000a   Code   RO          408    .text               c_w.l(_sputc.o)
    0x0800298e   0x0800298e   0x00000002   PAD
    0x08002990   0x08002990   0x000000bc   Code   RO          410    .text               c_w.l(_printf_wctomb.o)
    0x08002a4c   0x08002a4c   0x0000007c   Code   RO          413    .text               c_w.l(_printf_longlong_dec.o)
    0x08002ac8   0x08002ac8   0x00000070   Code   RO          419    .text               c_w.l(_printf_oct_int_ll.o)
    0x08002b38   0x08002b38   0x00000094   Code   RO          439    .text               c_w.l(_printf_hex_int_ll_ptr.o)
    0x08002bcc   0x08002bcc   0x00000188   Code   RO          459    .text               c_w.l(__printf_flags_ss_wp.o)
    0x08002d54   0x08002d54   0x00000008   Code   RO          553    .text               c_w.l(rt_errno_addr_intlibspace.o)
    0x08002d5c   0x08002d5c   0x0000008a   Code   RO          555    .text               c_w.l(lludiv10.o)
    0x08002de6   0x08002de6   0x000000b2   Code   RO          557    .text               c_w.l(_printf_intcommon.o)
    0x08002e98   0x08002e98   0x0000041e   Code   RO          559    .text               c_w.l(_printf_fp_dec.o)
    0x080032b6   0x080032b6   0x00000002   PAD
    0x080032b8   0x080032b8   0x000002fc   Code   RO          561    .text               c_w.l(_printf_fp_hex.o)
    0x080035b4   0x080035b4   0x0000002c   Code   RO          566    .text               c_w.l(_printf_char.o)
    0x080035e0   0x080035e0   0x0000002c   Code   RO          568    .text               c_w.l(_printf_wchar.o)
    0x0800360c   0x0800360c   0x00000040   Code   RO          571    .text               c_w.l(_wcrtomb.o)
    0x0800364c   0x0800364c   0x00000008   Code   RO          579    .text               c_w.l(libspace.o)
    0x08003654   0x08003654   0x0000004a   Code   RO          582    .text               c_w.l(sys_stackheap_outer.o)
    0x0800369e   0x0800369e   0x00000002   PAD
    0x080036a0   0x080036a0   0x00000010   Code   RO          584    .text               c_w.l(rt_ctype_table.o)
    0x080036b0   0x080036b0   0x00000008   Code   RO          589    .text               c_w.l(rt_locale_intlibspace.o)
    0x080036b8   0x080036b8   0x00000080   Code   RO          591    .text               c_w.l(_printf_fp_infnan.o)
    0x08003738   0x08003738   0x000000e4   Code   RO          593    .text               c_w.l(bigflt0.o)
    0x0800381c   0x0800381c   0x00000012   Code   RO          621    .text               c_w.l(exit.o)
    0x0800382e   0x0800382e   0x00000002   PAD
    0x08003830   0x08003830   0x0000000c   Code   RO          698    .text               c_w.l(sys_exit.o)
    0x0800383c   0x0800383c   0x00000002   Code   RO          709    .text               c_w.l(use_no_semi.o)
    0x0800383e   0x0800383e   0x00000000   Code   RO          711    .text               c_w.l(indicate_semi.o)
    0x0800383e   0x0800383e   0x0000003e   Code   RO          596    CL$$btod_d2e        c_w.l(btod.o)
    0x0800387c   0x0800387c   0x00000046   Code   RO          598    CL$$btod_d2e_denorm_low  c_w.l(btod.o)
    0x080038c2   0x080038c2   0x00000060   Code   RO          597    CL$$btod_d2e_norm_op1  c_w.l(btod.o)
    0x08003922   0x08003922   0x00000338   Code   RO          606    CL$$btod_div_common  c_w.l(btod.o)
    0x08003c5a   0x08003c5a   0x000000dc   Code   RO          603    CL$$btod_e2e        c_w.l(btod.o)
    0x08003d36   0x08003d36   0x0000002a   Code   RO          600    CL$$btod_ediv       c_w.l(btod.o)
    0x08003d60   0x08003d60   0x0000002a   Code   RO          599    CL$$btod_emul       c_w.l(btod.o)
    0x08003d8a   0x08003d8a   0x00000244   Code   RO          605    CL$$btod_mult_common  c_w.l(btod.o)
    0x08003fce   0x08003fce   0x00000028   Code   RO          575    i.__ARM_fpclassify  m_ws.l(fpclassify.o)
    0x08003ff6   0x08003ff6   0x000000aa   Code   RO          577    i.__kernel_poly     m_ws.l(poly.o)
    0x080040a0   0x080040a0   0x00000006   Code   RO          521    i.__mathlib_dbl_infnan  m_ws.l(dunder.o)
    0x080040a6   0x080040a6   0x00000004   Code   RO          522    i.__mathlib_dbl_infnan2  m_ws.l(dunder.o)
    0x080040aa   0x080040aa   0x00000002   PAD
    0x080040ac   0x080040ac   0x00000010   Code   RO          526    i.__mathlib_dbl_underflow  m_ws.l(dunder.o)
    0x080040bc   0x080040bc   0x0000000e   Code   RO          452    i._is_digit         c_w.l(__printf_wp.o)
    0x080040ca   0x080040ca   0x00000002   PAD
    0x080040cc   0x080040cc   0x00000220   Code   RO          511    i.atan              m_ws.l(atan.o)
    0x080042ec   0x080042ec   0x0000019c   Code   RO          382    i.atan2             m_ws.l(atan2.o)
    0x08004488   0x08004488   0x00000094   Code   RO          389    i.round             m_ws.l(round.o)
    0x0800451c   0x0800451c   0x0000002c   Code   RO          619    locale$$code        c_w.l(lc_numeric_c.o)
    0x08004548   0x08004548   0x0000002c   Code   RO          636    locale$$code        c_w.l(lc_ctype_c.o)
    0x08004574   0x08004574   0x00000062   Code   RO          335    x$fpl$d2f           fz_ws.l(d2f.o)
    0x080045d6   0x080045d6   0x00000002   PAD
    0x080045d8   0x080045d8   0x00000150   Code   RO          337    x$fpl$dadd          fz_ws.l(daddsub_clz.o)
    0x08004728   0x08004728   0x00000010   Code   RO          629    x$fpl$dcheck1       fz_ws.l(dcheck1.o)
    0x08004738   0x08004738   0x00000018   Code   RO          485    x$fpl$dcmpinf       fz_ws.l(dcmpi.o)
    0x08004750   0x08004750   0x000002b0   Code   RO          344    x$fpl$ddiv          fz_ws.l(ddiv.o)
    0x08004a00   0x08004a00   0x00000078   Code   RO          487    x$fpl$deqf          fz_ws.l(deqf.o)
    0x08004a78   0x08004a78   0x0000005e   Code   RO          347    x$fpl$dfix          fz_ws.l(dfix.o)
    0x08004ad6   0x08004ad6   0x00000002   PAD
    0x08004ad8   0x08004ad8   0x0000005a   Code   RO          351    x$fpl$dfixu         fz_ws.l(dfixu.o)
    0x08004b32   0x08004b32   0x0000002e   Code   RO          356    x$fpl$dflt          fz_ws.l(dflt_clz.o)
    0x08004b60   0x08004b60   0x00000026   Code   RO          355    x$fpl$dfltu         fz_ws.l(dflt_clz.o)
    0x08004b86   0x08004b86   0x00000002   PAD
    0x08004b88   0x08004b88   0x00000078   Code   RO          361    x$fpl$dleqf         fz_ws.l(dleqf.o)
    0x08004c00   0x08004c00   0x00000154   Code   RO          363    x$fpl$dmul          fz_ws.l(dmul.o)
    0x08004d54   0x08004d54   0x0000009c   Code   RO          489    x$fpl$dnaninf       fz_ws.l(dnaninf.o)
    0x08004df0   0x08004df0   0x0000000c   Code   RO          491    x$fpl$dretinf       fz_ws.l(dretinf.o)
    0x08004dfc   0x08004dfc   0x0000006c   Code   RO          365    x$fpl$drleqf        fz_ws.l(drleqf.o)
    0x08004e68   0x08004e68   0x000000b4   Code   RO          493    x$fpl$drnd          fz_ws.l(drnd.o)
    0x08004f1c   0x08004f1c   0x00000016   Code   RO          338    x$fpl$drsb          fz_ws.l(daddsub_clz.o)
    0x08004f32   0x08004f32   0x00000002   PAD
    0x08004f34   0x08004f34   0x000001d4   Code   RO          339    x$fpl$dsub          fz_ws.l(daddsub_clz.o)
    0x08005108   0x08005108   0x000000c4   Code   RO          367    x$fpl$fadd          fz_ws.l(faddsub_clz.o)
    0x080051cc   0x080051cc   0x00000018   Code   RO          495    x$fpl$fcmpinf       fz_ws.l(fcmpi.o)
    0x080051e4   0x080051e4   0x00000030   Code   RO          374    x$fpl$fflt          fz_ws.l(fflt_clz.o)
    0x08005214   0x08005214   0x00000068   Code   RO          379    x$fpl$fleqf         fz_ws.l(fleqf.o)
    0x0800527c   0x0800527c   0x0000008c   Code   RO          497    x$fpl$fnaninf       fz_ws.l(fnaninf.o)
    0x08005308   0x08005308   0x0000000a   Code   RO          499    x$fpl$fretinf       fz_ws.l(fretinf.o)
    0x08005312   0x08005312   0x00000002   PAD
    0x08005314   0x08005314   0x000000ea   Code   RO          369    x$fpl$fsub          fz_ws.l(faddsub_clz.o)
    0x080053fe   0x080053fe   0x00000004   Code   RO          501    x$fpl$printf1       fz_ws.l(printf1.o)
    0x08005402   0x08005402   0x00000004   Code   RO          503    x$fpl$printf2       fz_ws.l(printf2.o)
    0x08005406   0x08005406   0x00000064   Code   RO          683    x$fpl$retnan        fz_ws.l(retnan.o)
    0x0800546a   0x0800546a   0x0000005c   Code   RO          573    x$fpl$scalbn        fz_ws.l(scalbn.o)
    0x080054c6   0x080054c6   0x00000030   Code   RO          696    x$fpl$trapveneer    fz_ws.l(trapv.o)
    0x080054f6   0x080054f6   0x00000000   Code   RO          509    x$fpl$usenofp       fz_ws.l(usenofp.o)
    0x080054f6   0x080054f6   0x0000093f   Data   RO          293    .constdata          oled_data.o
    0x08005e35   0x08005e35   0x00000003   PAD
    0x08005e38   0x08005e38   0x00000008   Data   RO          411    .constdata          c_w.l(_printf_wctomb.o)
    0x08005e40   0x08005e40   0x00000028   Data   RO          440    .constdata          c_w.l(_printf_hex_int_ll_ptr.o)
    0x08005e68   0x08005e68   0x00000011   Data   RO          460    .constdata          c_w.l(__printf_flags_ss_wp.o)
    0x08005e79   0x08005e79   0x00000007   PAD
    0x08005e80   0x08005e80   0x00000098   Data   RO          512    .constdata          m_ws.l(atan.o)
    0x08005f18   0x08005f18   0x00000008   Data   RO          534    .constdata          m_ws.l(qnan.o)
    0x08005f20   0x08005f20   0x00000026   Data   RO          562    .constdata          c_w.l(_printf_fp_hex.o)
    0x08005f46   0x08005f46   0x00000002   PAD
    0x08005f48   0x08005f48   0x00000094   Data   RO          594    .constdata          c_w.l(bigflt0.o)
    0x08005fdc   0x08005fdc   0x00000020   Data   RO          766    Region$$Table       anon$$obj.o
    0x08005ffc   0x08005ffc   0x0000001c   Data   RO          618    locale$$data        c_w.l(lc_numeric_c.o)
    0x08006018   0x08006018   0x00000110   Data   RO          635    locale$$data        c_w.l(lc_ctype_c.o)


    Execution Region RW_IRAM1 (Exec base: 0x20000000, Load base: 0x08006128, Size: 0x00000ab8, Max: 0x00005000, ABSOLUTE)

    Exec Addr    Load Addr    Size         Type   Attr      Idx    E Section Name        Object

    0x20000000   0x08006128   0x00000014   Data   RW           27    .data               system_stm32f10x.o
    0x20000014   0x0800613c   0x00000014   Data   RW          125    .data               stm32f10x_rcc.o
    0x20000028   0x08006150   0x00000004   Data   RW          148    .data               main.o
    0x2000002c   0x08006154   0x00000002   Data   RW          192    .data               stm32f10x_it.o
    0x2000002e   0x08006156   0x00000002   PAD
    0x20000030        -       0x00000014   Zero   RW          147    .bss                main.o
    0x20000044        -       0x00000410   Zero   RW          256    .bss                oled.o
    0x20000454        -       0x00000060   Zero   RW          580    .bss                c_w.l(libspace.o)
    0x200004b4   0x08006156   0x00000004   PAD
    0x200004b8        -       0x00000200   Zero   RW            2    HEAP                startup_stm32f10x_md.o
    0x200006b8        -       0x00000400   Zero   RW            1    STACK               startup_stm32f10x_md.o


==============================================================================

Image component sizes


      Code (inc. data)   RO Data    RW Data    ZI Data      Debug   Object Name

         0          0          0          0          0       4532   core_cm3.o
        94          0          0          0          0        836   delay.o
       204         42          0          4         20      23325   main.o
       220         22          0          0          0       1917   misc.o
      5210         54          0          0       1040      16096   oled.o
         0          0       2367          0          0       1098   oled_data.o
        64         26        236          0       1536        812   startup_stm32f10x_md.o
       860         38          0          0          0       5849   stm32f10x_gpio.o
       148         22          0          2          0       1772   stm32f10x_it.o
       932         36          0         20          0       9052   stm32f10x_rcc.o
      1032         22          0          0          0       8576   stm32f10x_usart.o
       480         38          0         20          0     229079   system_stm32f10x.o
       220          8          0          0          0       1228   usart.o

    ----------------------------------------------------------------------
      9468        308       2638         48       2596     304172   Object Totals
         0          0         32          0          0          0   (incl. Generated)
         4          0          3          2          0          0   (incl. Padding)

    ----------------------------------------------------------------------

      Code (inc. data)   RO Data    RW Data    ZI Data      Debug   Library Member Name

         8          0          0          0          0         68   __main.o
       392          4         17          0          0         92   __printf_flags_ss_wp.o
        14          0          0          0          0         68   __printf_wp.o
         0          0          0          0          0          0   __rtentry.o
        12          0          0          0          0          0   __rtentry2.o
         6          0          0          0          0          0   __rtentry4.o
        52          8          0          0          0          0   __scatter.o
        26          0          0          0          0          0   __scatter_copy.o
        28          0          0          0          0          0   __scatter_zi.o
         6          0          0          0          0          0   _printf_a.o
         6          0          0          0          0          0   _printf_c.o
        44          0          0          0          0        108   _printf_char.o
        48          6          0          0          0         96   _printf_char_common.o
        40          0          0          0          0         68   _printf_charcount.o
         6          0          0          0          0          0   _printf_d.o
       120         16          0          0          0         92   _printf_dec.o
         6          0          0          0          0          0   _printf_e.o
         6          0          0          0          0          0   _printf_f.o
      1054          0          0          0          0        216   _printf_fp_dec.o
       764          8         38          0          0        100   _printf_fp_hex.o
       128         16          0          0          0         84   _printf_fp_infnan.o
         6          0          0          0          0          0   _printf_g.o
       148          4         40          0          0        160   _printf_hex_int_ll_ptr.o
         6          0          0          0          0          0   _printf_i.o
       178          0          0          0          0         88   _printf_intcommon.o
        10          0          0          0          0          0   _printf_l.o
         6          0          0          0          0          0   _printf_lc.o
        10          0          0          0          0          0   _printf_ll.o
         6          0          0          0          0          0   _printf_lld.o
         6          0          0          0          0          0   _printf_lli.o
         6          0          0          0          0          0   _printf_llo.o
         6          0          0          0          0          0   _printf_llu.o
         6          0          0          0          0          0   _printf_llx.o
       124         16          0          0          0         92   _printf_longlong_dec.o
         6          0          0          0          0          0   _printf_ls.o
         6          0          0          0          0          0   _printf_n.o
         6          0          0          0          0          0   _printf_o.o
       112         10          0          0          0        124   _printf_oct_int_ll.o
         6          0          0          0          0          0   _printf_p.o
        78          0          0          0          0        108   _printf_pad.o
         0          0          0          0          0          0   _printf_percent.o
         4          0          0          0          0          0   _printf_percent_end.o
         6          0          0          0          0          0   _printf_s.o
        82          0          0          0          0         80   _printf_str.o
        36          0          0          0          0         84   _printf_truncate.o
         6          0          0          0          0          0   _printf_u.o
        44          0          0          0          0        108   _printf_wchar.o
       188          6          8          0          0         92   _printf_wctomb.o
         6          0          0          0          0          0   _printf_x.o
        22          0          0          0          0        100   _rserrno.o
        10          0          0          0          0         68   _sputc.o
        64          0          0          0          0         92   _wcrtomb.o
       228          4        148          0          0         96   bigflt0.o
      1936        128          0          0          0        672   btod.o
        18          0          0          0          0         80   exit.o
         6          0          0          0          0        152   heapauxi.o
         0          0          0          0          0          0   indicate_semi.o
        44         10        272          0          0         76   lc_ctype_c.o
        44         10         28          0          0         76   lc_numeric_c.o
         2          0          0          0          0          0   libinit.o
        30          0          0          0          0          0   libinit2.o
         2          0          0          0          0          0   libshutdown.o
         2          0          0          0          0          0   libshutdown2.o
         8          4          0          0         96         68   libspace.o
       138          0          0          0          0         80   lludiv10.o
        16          4          0          0          0         76   rt_ctype_table.o
         8          4          0          0          0         68   rt_errno_addr_intlibspace.o
         8          4          0          0          0         68   rt_locale_intlibspace.o
         2          0          0          0          0          0   rtexit.o
        10          0          0          0          0          0   rtexit2.o
       128          0          0          0          0         68   strcmpv7m.o
        12          4          0          0          0         68   sys_exit.o
        74          0          0          0          0         80   sys_stackheap_outer.o
         2          0          0          0          0         68   use_no_semi.o
        36          4          0          0          0         76   vsprintf.o
        98          4          0          0          0         92   d2f.o
       826         16          0          0          0        348   daddsub_clz.o
        16          4          0          0          0         68   dcheck1.o
        24          0          0          0          0         68   dcmpi.o
       688        140          0          0          0        208   ddiv.o
       120          4          0          0          0         92   deqf.o
        94          4          0          0          0         92   dfix.o
        90          4          0          0          0         92   dfixu.o
        84          0          0          0          0        136   dflt_clz.o
       120          4          0          0          0         92   dleqf.o
       340         12          0          0          0        104   dmul.o
       156          4          0          0          0         92   dnaninf.o
        12          0          0          0          0         68   dretinf.o
       108          0          0          0          0         80   drleqf.o
       180          4          0          0          0         80   drnd.o
       430          8          0          0          0        168   faddsub_clz.o
        24          0          0          0          0         68   fcmpi.o
        48          0          0          0          0         68   fflt_clz.o
       104          4          0          0          0         84   fleqf.o
       140          4          0          0          0         84   fnaninf.o
        10          0          0          0          0         68   fretinf.o
         4          0          0          0          0         68   printf1.o
         4          0          0          0          0         68   printf2.o
       100          0          0          0          0         68   retnan.o
        92          0          0          0          0         68   scalbn.o
        48          0          0          0          0         68   trapv.o
         0          0          0          0          0          0   usenofp.o
       544         70        152          0          0        124   atan.o
       412         38          0          0          0        144   atan2.o
        26          6          0          0          0        204   dunder.o
        40          0          0          0          0         68   fpclassify.o
       170          0          0          0          0         96   poly.o
         0          0          8          0          0          0   qnan.o
       148         12          0          0          0         88   round.o

    ----------------------------------------------------------------------
     12046        612        720          0        100       7376   Library Totals
        26          0          9          0          4          0   (incl. Padding)

    ----------------------------------------------------------------------

      Code (inc. data)   RO Data    RW Data    ZI Data      Debug   Library Name

      6720        270        551          0         96       4060   c_w.l
      3960        216          0          0          0       2592   fz_ws.l
      1340        126        160          0          0        724   m_ws.l

    ----------------------------------------------------------------------
     12046        612        720          0        100       7376   Library Totals

    ----------------------------------------------------------------------

==============================================================================


      Code (inc. data)   RO Data    RW Data    ZI Data      Debug   

     21514        920       3358         48       2696     306552   Grand Totals
     21514        920       3358         48       2696     306552   ELF Image Totals
     21514        920       3358         48          0          0   ROM Totals

==============================================================================

    Total RO  Size (Code + RO Data)                24872 (  24.29kB)
    Total RW  Size (RW Data + ZI Data)              2744 (   2.68kB)
    Total ROM Size (Code + RO Data + RW Data)      24920 (  24.34kB)

==============================================================================

